Archive member included because of file (symbol)

C:\Users\jschw\AppData\Local\Temp\VMBuilds\BME680_Maple_TFT_Monitor\Arduino_STM32_mapleMini\Release/core.a(exc.S.o)
                              (__exc_hardfault)
C:\Users\jschw\AppData\Local\Temp\VMBuilds\BME680_Maple_TFT_Monitor\Arduino_STM32_mapleMini\Release/core.a(isrs.S.o)
                              (__stm32reservedexception7)
C:\Users\jschw\AppData\Local\Temp\VMBuilds\BME680_Maple_TFT_Monitor\Arduino_STM32_mapleMini\Release/core.a(vector_table.S.o)
                              (__stm32_vector_table)
C:\Users\jschw\AppData\Local\Temp\VMBuilds\BME680_Maple_TFT_Monitor\Arduino_STM32_mapleMini\Release/core.a(dtostrf.c.o)
                              BME680_Maple_TFT_Monitor.cpp.o (dtostrf)
C:\Users\jschw\AppData\Local\Temp\VMBuilds\BME680_Maple_TFT_Monitor\Arduino_STM32_mapleMini\Release/core.a(adc.c.o)
                              C:\Users\jschw\AppData\Local\Temp\VMBCore\arduino16x\f704afbb9506ba03d7680fdde9126ac3\variant\boards.cpp.o (adc_set_sample_rate)
C:\Users\jschw\AppData\Local\Temp\VMBuilds\BME680_Maple_TFT_Monitor\Arduino_STM32_mapleMini\Release/core.a(adc_f1.c.o)
                              C:\Users\jschw\AppData\Local\Temp\VMBCore\arduino16x\f704afbb9506ba03d7680fdde9126ac3\variant\boards.cpp.o (adc_set_prescaler)
C:\Users\jschw\AppData\Local\Temp\VMBuilds\BME680_Maple_TFT_Monitor\Arduino_STM32_mapleMini\Release/core.a(dma.c.o)
                              SPI\SPI.cpp.o (dma_init)
C:\Users\jschw\AppData\Local\Temp\VMBuilds\BME680_Maple_TFT_Monitor\Arduino_STM32_mapleMini\Release/core.a(dma_f1.c.o)
                              SPI\SPI.cpp.o (dma_set_priority)
C:\Users\jschw\AppData\Local\Temp\VMBuilds\BME680_Maple_TFT_Monitor\Arduino_STM32_mapleMini\Release/core.a(flash.c.o)
                              C:\Users\jschw\AppData\Local\Temp\VMBCore\arduino16x\f704afbb9506ba03d7680fdde9126ac3\variant\boards.cpp.o (flash_set_latency)
C:\Users\jschw\AppData\Local\Temp\VMBuilds\BME680_Maple_TFT_Monitor\Arduino_STM32_mapleMini\Release/core.a(gpio_f1.c.o)
                              C:\Users\jschw\AppData\Local\Temp\VMBCore\arduino16x\f704afbb9506ba03d7680fdde9126ac3\variant\boards_setup.cpp.o (gpio_init_all)
C:\Users\jschw\AppData\Local\Temp\VMBuilds\BME680_Maple_TFT_Monitor\Arduino_STM32_mapleMini\Release/core.a(nvic.c.o)
                              C:\Users\jschw\AppData\Local\Temp\VMBCore\arduino16x\f704afbb9506ba03d7680fdde9126ac3\variant\boards.cpp.o (nvic_init)
C:\Users\jschw\AppData\Local\Temp\VMBuilds\BME680_Maple_TFT_Monitor\Arduino_STM32_mapleMini\Release/core.a(rcc.c.o)
                              SPI\SPI.cpp.o (rcc_dev_clk)
C:\Users\jschw\AppData\Local\Temp\VMBuilds\BME680_Maple_TFT_Monitor\Arduino_STM32_mapleMini\Release/core.a(rcc_f1.c.o)
                              C:\Users\jschw\AppData\Local\Temp\VMBCore\arduino16x\f704afbb9506ba03d7680fdde9126ac3\variant\boards.cpp.o (rcc_configure_pll)
C:\Users\jschw\AppData\Local\Temp\VMBuilds\BME680_Maple_TFT_Monitor\Arduino_STM32_mapleMini\Release/core.a(spi.c.o)
                              SPI\SPI.cpp.o (spi_init)
C:\Users\jschw\AppData\Local\Temp\VMBuilds\BME680_Maple_TFT_Monitor\Arduino_STM32_mapleMini\Release/core.a(spi_f1.c.o)
                              SPI\SPI.cpp.o (spi_config_gpios)
C:\Users\jschw\AppData\Local\Temp\VMBuilds\BME680_Maple_TFT_Monitor\Arduino_STM32_mapleMini\Release/core.a(systick.c.o)
                              C:\Users\jschw\AppData\Local\Temp\VMBCore\arduino16x\f704afbb9506ba03d7680fdde9126ac3\variant\boards.cpp.o (systick_init)
C:\Users\jschw\AppData\Local\Temp\VMBuilds\BME680_Maple_TFT_Monitor\Arduino_STM32_mapleMini\Release/core.a(timer.c.o)
                              C:\Users\jschw\AppData\Local\Temp\VMBCore\arduino16x\f704afbb9506ba03d7680fdde9126ac3\variant\boards.cpp.o (timer_foreach)
C:\Users\jschw\AppData\Local\Temp\VMBuilds\BME680_Maple_TFT_Monitor\Arduino_STM32_mapleMini\Release/core.a(usart_f1.c.o)
                              C:\Users\jschw\AppData\Local\Temp\VMBCore\arduino16x\f704afbb9506ba03d7680fdde9126ac3\variant\board.cpp.o (USART3)
C:\Users\jschw\AppData\Local\Temp\VMBuilds\BME680_Maple_TFT_Monitor\Arduino_STM32_mapleMini\Release/core.a(usart_private.c.o)
                              C:\Users\jschw\AppData\Local\Temp\VMBuilds\BME680_Maple_TFT_Monitor\Arduino_STM32_mapleMini\Release/core.a(usart_f1.c.o) (_usart_clock_freq)
C:\Users\jschw\AppData\Local\Temp\VMBuilds\BME680_Maple_TFT_Monitor\Arduino_STM32_mapleMini\Release/core.a(util.c.o)
                              C:\Users\jschw\AppData\Local\Temp\VMBuilds\BME680_Maple_TFT_Monitor\Arduino_STM32_mapleMini\Release/core.a(exc.S.o) (__error)
C:\Users\jschw\AppData\Local\Temp\VMBuilds\BME680_Maple_TFT_Monitor\Arduino_STM32_mapleMini\Release/core.a(cxxabi-compat.cpp.o)
                              Adafruit_GFX_AS\Adafruit_GFX_AS.cpp.o (__cxa_pure_virtual)
[...]
Memory Configuration

Name             Origin             Length             Attributes
ram              0x20000c00         0x00004400         xrw
rom              0x08005000         0x0001b000         xr
*default*        0x00000000         0xffffffff

Linker script and memory map

LOAD c:/users/jschw/appdata/local/arduino15/packages/arduino/tools/arm-none-eabi-gcc/4.8.3-2014q1/bin/../lib/gcc/arm-none-eabi/4.8.3/armv7-m/crti.o
LOAD c:/users/jschw/appdata/local/arduino15/packages/arduino/tools/arm-none-eabi-gcc/4.8.3-2014q1/bin/../lib/gcc/arm-none-eabi/4.8.3/armv7-m/crtbegin.o
LOAD c:/users/jschw/appdata/local/arduino15/packages/arduino/tools/arm-none-eabi-gcc/4.8.3-2014q1/bin/../lib/gcc/arm-none-eabi/4.8.3/../../../../arm-none-eabi/lib/armv7-m/crt0.o
LOAD C:\Users\jschw\Documents\Arduino\hardware\Arduino_STM32\STM32F1\variants\maple_mini/ld\libalgobsec.a
LOAD c:/users/jschw/appdata/local/arduino15/packages/arduino/tools/arm-none-eabi-gcc/4.8.3-2014q1/bin/../lib/gcc/arm-none-eabi/4.8.3/armv7-m\libgcc.a
START GROUP
LOAD BME680_Maple_TFT_Monitor.cpp.o
LOAD Adafruit_ILI9341_STM\Adafruit_ILI9341_STM.cpp.o
LOAD Adafruit_GFX_AS\Font16.c.o
LOAD Adafruit_GFX_AS\Font32.c.o
LOAD Adafruit_GFX_AS\Font64.c.o
LOAD Adafruit_GFX_AS\Font7s.c.o
LOAD Adafruit_GFX_AS\glcdfont.c.o
LOAD Adafruit_GFX_AS\Adafruit_GFX_AS.cpp.o
LOAD Adafruit_GFX\glcdfont.c.o
LOAD Adafruit_GFX\Adafruit_GFX.cpp.o
LOAD Adafruit_GFX\Adafruit_SPITFT.cpp.o
LOAD SPI\SPI.cpp.o
LOAD C:\Users\jschw\AppData\Local\Temp\VMBCore\arduino16x\f704afbb9506ba03d7680fdde9126ac3\variant\board.cpp.o
LOAD C:\Users\jschw\AppData\Local\Temp\VMBCore\arduino16x\f704afbb9506ba03d7680fdde9126ac3\variant\boards.cpp.o
LOAD C:\Users\jschw\AppData\Local\Temp\VMBCore\arduino16x\f704afbb9506ba03d7680fdde9126ac3\variant\boards_setup.cpp.o
LOAD C:\Users\jschw\AppData\Local\Temp\VMBCore\arduino16x\f704afbb9506ba03d7680fdde9126ac3\variant\start.S.o
LOAD C:\Users\jschw\AppData\Local\Temp\VMBCore\arduino16x\f704afbb9506ba03d7680fdde9126ac3\variant\start_c.c.o
LOAD C:\Users\jschw\AppData\Local\Temp\VMBCore\arduino16x\f704afbb9506ba03d7680fdde9126ac3\variant\syscalls.c.o
LOAD C:\Users\jschw\AppData\Local\Temp\VMBuilds\BME680_Maple_TFT_Monitor\Arduino_STM32_mapleMini\Release/core.a
END GROUP
LOAD c:/users/jschw/appdata/local/arduino15/packages/arduino/tools/arm-none-eabi-gcc/4.8.3-2014q1/bin/../lib/gcc/arm-none-eabi/4.8.3/../../../../arm-none-eabi/lib/armv7-m\libstdc++.a
LOAD c:/users/jschw/appdata/local/arduino15/packages/arduino/tools/arm-none-eabi-gcc/4.8.3-2014q1/bin/../lib/gcc/arm-none-eabi/4.8.3/../../../../arm-none-eabi/lib/armv7-m\libm.a
START GROUP
LOAD c:/users/jschw/appdata/local/arduino15/packages/arduino/tools/arm-none-eabi-gcc/4.8.3-2014q1/bin/../lib/gcc/arm-none-eabi/4.8.3/armv7-m\libgcc.a
LOAD c:/users/jschw/appdata/local/arduino15/packages/arduino/tools/arm-none-eabi-gcc/4.8.3-2014q1/bin/../lib/gcc/arm-none-eabi/4.8.3/../../../../arm-none-eabi/lib/armv7-m\libc.a
END GROUP
LOAD c:/users/jschw/appdata/local/arduino15/packages/arduino/tools/arm-none-eabi-gcc/4.8.3-2014q1/bin/../lib/gcc/arm-none-eabi/4.8.3/armv7-m/crtend.o
LOAD c:/users/jschw/appdata/local/arduino15/packages/arduino/tools/arm-none-eabi-gcc/4.8.3-2014q1/bin/../lib/gcc/arm-none-eabi/4.8.3/armv7-m/crtn.o
START GROUP
LOAD c:/users/jschw/appdata/local/arduino15/packages/arduino/tools/arm-none-eabi-gcc/4.8.3-2014q1/bin/../lib/gcc/arm-none-eabi/4.8.3/armv7-m\libgcc.a
LOAD c:/users/jschw/appdata/local/arduino15/packages/arduino/tools/arm-none-eabi-gcc/4.8.3-2014q1/bin/../lib/gcc/arm-none-eabi/4.8.3/../../../../arm-none-eabi/lib/armv7-m\libc.a
LOAD C:\Users\jschw\Documents\Arduino\hardware\Arduino_STM32\STM32F1\variants\maple_mini/ld\libalgobsec.a
LOAD c:/users/jschw/appdata/local/arduino15/packages/arduino/tools/arm-none-eabi-gcc/4.8.3-2014q1/bin/../lib/gcc/arm-none-eabi/4.8.3/../../../../arm-none-eabi/lib/armv7-m\libm.a
END GROUP
START GROUP
LOAD c:/users/jschw/appdata/local/arduino15/packages/arduino/tools/arm-none-eabi-gcc/4.8.3-2014q1/bin/../lib/gcc/arm-none-eabi/4.8.3/../../../../arm-none-eabi/lib/armv7-m\libnosys.a
END GROUP
                0x20005000                PROVIDE (__msp_init, (ORIGIN (ram) + 0x4400))
                0x08007a8c                PROVIDE (__exc_reset, __start__)

.text           0x08005000     0xbc68
                0x08005000                __text_start__ = .
 *(.stm32.interrupt_vector)
 .stm32.interrupt_vector
                0x08005000       0xec C:\Users\jschw\AppData\Local\Temp\VMBuilds\BME680_Maple_TFT_Monitor\Arduino_STM32_mapleMini\Release/core.a(vector_table.S.o)
                0x08005000                __stm32_vector_table
 *(.text .text.* .gnu.linkonce.t.*)
 .text          0x080050ec       0x54 c:/users/jschw/appdata/local/arduino15/packages/arduino/tools/arm-none-eabi-gcc/4.8.3-2014q1/bin/../lib/gcc/arm-none-eabi/4.8.3/armv7-m/crtbegin.o
 .text._ZN14HardwareSerial5writeEi
                0x08005140        0xc BME680_Maple_TFT_Monitor.cpp.o
                0x08005140                HardwareSerial::write(int)
 .text._Z14setupMcuBme680v
                0x0800514c       0x6c BME680_Maple_TFT_Monitor.cpp.o
                0x0800514c                setupMcuBme680()
 .text.startup._GLOBAL__sub_I_temp1
                0x080051b8       0x10 BME680_Maple_TFT_Monitor.cpp.o
 .text._Z10plotNeedleih
                0x080051c8      0x340 BME680_Maple_TFT_Monitor.cpp.o
                0x080051c8                plotNeedle(int, unsigned char)
 .text._Z11analogMeterv
                0x08005508      0x550 BME680_Maple_TFT_Monitor.cpp.o
                0x08005508                analogMeter()
 .text._Z5setupv
                0x08005a58       0xc0 BME680_Maple_TFT_Monitor.cpp.o
                0x08005a58                setup()
 .text._Z8BME_loopv
                0x08005b18      0x1f0 BME680_Maple_TFT_Monitor.cpp.o
                0x08005b18                BME_loop()
 .text._Z4loopv
                0x08005d08       0x80 BME680_Maple_TFT_Monitor.cpp.o
                0x08005d08                loop()
 .text._ZN20Adafruit_ILI9341_STM8drawLineEsssst
                0x08005d88      0x216 Adafruit_ILI9341_STM\Adafruit_ILI9341_STM.cpp.o
                0x08005d88                Adafruit_ILI9341_STM::drawLine(short, short, short, short, unsigned short)
 .text._ZN8SPIClass16beginTransactionE11SPISettings
                0x08005f9e       0x34 Adafruit_ILI9341_STM\Adafruit_ILI9341_STM.cpp.o
                0x08005f9e                SPIClass::beginTransaction(SPISettings)
 *fill*         0x08005fd2        0x2 
 .text._ZN20Adafruit_ILI9341_STMC2Eaaa
                0x08005fd4       0x34 Adafruit_ILI9341_STM\Adafruit_ILI9341_STM.cpp.o
                0x08005fd4                Adafruit_ILI9341_STM::Adafruit_ILI9341_STM(signed char, signed char, signed char)
                0x08005fd4                Adafruit_ILI9341_STM::Adafruit_ILI9341_STM(signed char, signed char, signed char)
 .text._ZN20Adafruit_ILI9341_STM12writecommandEh
                0x08006008       0x22 Adafruit_ILI9341_STM\Adafruit_ILI9341_STM.cpp.o
                0x08006008                Adafruit_ILI9341_STM::writecommand(unsigned char)
 .text._ZN20Adafruit_ILI9341_STM11setRotationEh
                0x0800602a       0x80 Adafruit_ILI9341_STM\Adafruit_ILI9341_STM.cpp.o
                0x0800602a                Adafruit_ILI9341_STM::setRotation(unsigned char)
 .text._ZN20Adafruit_ILI9341_STM13invertDisplayEb
                0x080060aa       0x18 Adafruit_ILI9341_STM\Adafruit_ILI9341_STM.cpp.o
                0x080060aa                Adafruit_ILI9341_STM::invertDisplay(bool)
 *fill*         0x080060c2        0x2 
 .text._ZN20Adafruit_ILI9341_STM5beginER8SPIClassm
                0x080060c4      0x3f0 Adafruit_ILI9341_STM\Adafruit_ILI9341_STM.cpp.o
                0x080060c4                Adafruit_ILI9341_STM::begin(SPIClass&, unsigned long)
 .text._ZN20Adafruit_ILI9341_STM13setAddrWindowEtttt
                0x080064b4       0x4a Adafruit_ILI9341_STM\Adafruit_ILI9341_STM.cpp.o
                0x080064b4                Adafruit_ILI9341_STM::setAddrWindow(unsigned short, unsigned short, unsigned short, unsigned short)
 .text._ZN20Adafruit_ILI9341_STM9drawPixelEsst
                0x080064fe       0x44 Adafruit_ILI9341_STM\Adafruit_ILI9341_STM.cpp.o
                0x080064fe                Adafruit_ILI9341_STM::drawPixel(short, short, unsigned short)
 .text._ZN20Adafruit_ILI9341_STM13drawFastVLineEssst
                0x08006542       0x7a Adafruit_ILI9341_STM\Adafruit_ILI9341_STM.cpp.o
                0x08006542                Adafruit_ILI9341_STM::drawFastVLine(short, short, short, unsigned short)
 .text._ZN20Adafruit_ILI9341_STM13drawFastHLineEssst
                0x080065bc       0x78 Adafruit_ILI9341_STM\Adafruit_ILI9341_STM.cpp.o
                0x080065bc                Adafruit_ILI9341_STM::drawFastHLine(short, short, short, unsigned short)
 .text._ZN20Adafruit_ILI9341_STM10fillScreenEt
                0x08006634       0x58 Adafruit_ILI9341_STM\Adafruit_ILI9341_STM.cpp.o
                0x08006634                Adafruit_ILI9341_STM::fillScreen(unsigned short)
 .text._ZN20Adafruit_ILI9341_STM8fillRectEsssst
                0x0800668c       0xbe Adafruit_ILI9341_STM\Adafruit_ILI9341_STM.cpp.o
                0x0800668c                Adafruit_ILI9341_STM::fillRect(short, short, short, short, unsigned short)
 *fill*         0x0800674a        0x2 
 .text._ZN15Adafruit_GFX_ASC2Ess
                0x0800674c       0x14 Adafruit_GFX_AS\Adafruit_GFX_AS.cpp.o
                0x0800674c                Adafruit_GFX_AS::Adafruit_GFX_AS(short, short)
                0x0800674c                Adafruit_GFX_AS::Adafruit_GFX_AS(short, short)
 .text._ZN15Adafruit_GFX_AS11drawUnicodeEtsss
                0x08006760      0x33c Adafruit_GFX_AS\Adafruit_GFX_AS.cpp.o
                0x08006760                Adafruit_GFX_AS::drawUnicode(unsigned short, short, short, short)
 .text._ZN15Adafruit_GFX_AS10drawStringEPcsss
                0x08006a9c       0x38 Adafruit_GFX_AS\Adafruit_GFX_AS.cpp.o
                0x08006a9c                Adafruit_GFX_AS::drawString(char*, short, short, short)
 .text._ZN15Adafruit_GFX_AS16drawCentreStringEPcsss
                0x08006ad4       0x94 Adafruit_GFX_AS\Adafruit_GFX_AS.cpp.o
                0x08006ad4                Adafruit_GFX_AS::drawCentreString(char*, short, short, short)
 .text._ZN15Adafruit_GFX_AS15drawRightStringEPcsss
                0x08006b68       0x90 Adafruit_GFX_AS\Adafruit_GFX_AS.cpp.o
                0x08006b68                Adafruit_GFX_AS::drawRightString(char*, short, short, short)
 .text._ZN12Adafruit_GFX9writeLineEsssst
                0x08006bf8       0xc8 Adafruit_GFX\Adafruit_GFX.cpp.o
                0x08006bf8                Adafruit_GFX::writeLine(short, short, short, short, unsigned short)
 .text._ZN12Adafruit_GFX10startWriteEv
                0x08006cc0        0x2 Adafruit_GFX\Adafruit_GFX.cpp.o
                0x08006cc0                Adafruit_GFX::startWrite()
 .text._ZN12Adafruit_GFX10writePixelEsst
                0x08006cc2        0xa Adafruit_GFX\Adafruit_GFX.cpp.o
                0x08006cc2                Adafruit_GFX::writePixel(short, short, unsigned short)
 .text._ZN12Adafruit_GFX14writeFastVLineEssst
                0x08006ccc       0x12 Adafruit_GFX\Adafruit_GFX.cpp.o
                0x08006ccc                Adafruit_GFX::writeFastVLine(short, short, short, unsigned short)
 .text._ZN12Adafruit_GFX14writeFastHLineEssst
                0x08006cde       0x12 Adafruit_GFX\Adafruit_GFX.cpp.o
                0x08006cde                Adafruit_GFX::writeFastHLine(short, short, short, unsigned short)
 .text._ZN12Adafruit_GFX13writeFillRectEsssst
                0x08006cf0       0x18 Adafruit_GFX\Adafruit_GFX.cpp.o
                0x08006cf0                Adafruit_GFX::writeFillRect(short, short, short, short, unsigned short)
 .text._ZN12Adafruit_GFX8endWriteEv
                0x08006d08        0x2 Adafruit_GFX\Adafruit_GFX.cpp.o
                0x08006d08                Adafruit_GFX::endWrite()
 .text._ZN12Adafruit_GFX13drawFastVLineEssst
                0x08006d0a       0x38 Adafruit_GFX\Adafruit_GFX.cpp.o
                0x08006d0a                Adafruit_GFX::drawFastVLine(short, short, short, unsigned short)
 .text._ZN12Adafruit_GFX13drawFastHLineEssst
                0x08006d42       0x36 Adafruit_GFX\Adafruit_GFX.cpp.o
                0x08006d42                Adafruit_GFX::drawFastHLine(short, short, short, unsigned short)
 .text._ZN12Adafruit_GFX8fillRectEsssst
                0x08006d78       0x48 Adafruit_GFX\Adafruit_GFX.cpp.o
                0x08006d78                Adafruit_GFX::fillRect(short, short, short, short, unsigned short)
 .text._ZN12Adafruit_GFX10fillScreenEt
                0x08006dc0       0x1c Adafruit_GFX\Adafruit_GFX.cpp.o
                0x08006dc0                Adafruit_GFX::fillScreen(unsigned short)
 .text._ZN12Adafruit_GFX8drawLineEsssst
                0x08006ddc       0x7c Adafruit_GFX\Adafruit_GFX.cpp.o
                0x08006ddc                Adafruit_GFX::drawLine(short, short, short, short, unsigned short)
 .text._ZN12Adafruit_GFX8drawRectEsssst
                0x08006e58       0x7c Adafruit_GFX\Adafruit_GFX.cpp.o
                0x08006e58                Adafruit_GFX::drawRect(short, short, short, short, unsigned short)
 .text._ZN12Adafruit_GFX13invertDisplayEb
                0x08006ed4        0x2 Adafruit_GFX\Adafruit_GFX.cpp.o
                0x08006ed4                Adafruit_GFX::invertDisplay(bool)
 .text._ZN12Adafruit_GFX11setRotationEh
                0x08006ed6       0x1e Adafruit_GFX\Adafruit_GFX.cpp.o
                0x08006ed6                Adafruit_GFX::setRotation(unsigned char)
 .text._ZN12Adafruit_GFXC2Ess
                0x08006ef4       0x30 Adafruit_GFX\Adafruit_GFX.cpp.o
                0x08006ef4                Adafruit_GFX::Adafruit_GFX(short, short)
                0x08006ef4                Adafruit_GFX::Adafruit_GFX(short, short)
 .text._ZN12Adafruit_GFX12fillTriangleEsssssst
                0x08006f24      0x1c4 Adafruit_GFX\Adafruit_GFX.cpp.o
                0x08006f24                Adafruit_GFX::fillTriangle(short, short, short, short, short, short, unsigned short)
 .text._ZN12Adafruit_GFX8drawCharEsshtth
                0x080070e8      0x2b4 Adafruit_GFX\Adafruit_GFX.cpp.o
                0x080070e8                Adafruit_GFX::drawChar(short, short, unsigned char, unsigned short, unsigned short, unsigned char)
 .text._ZN12Adafruit_GFX5writeEh
                0x0800739c       0xf2 Adafruit_GFX\Adafruit_GFX.cpp.o
                0x0800739c                Adafruit_GFX::write(unsigned char)
 .text._ZN12Adafruit_GFX12setTextColorEt
                0x0800748e        0x6 Adafruit_GFX\Adafruit_GFX.cpp.o
                0x0800748e                Adafruit_GFX::setTextColor(unsigned short)
 .text._ZN12Adafruit_GFX12setTextColorEtt
                0x08007494        0x6 Adafruit_GFX\Adafruit_GFX.cpp.o
                0x08007494                Adafruit_GFX::setTextColor(unsigned short, unsigned short)
 .text._ZL11disable_pwmPK14stm32_pin_info
                0x0800749a       0x10 SPI\SPI.cpp.o
 *fill*         0x080074aa        0x2 
 .text._ZL15dev_to_spi_pinsP7spi_dev.isra.8
                0x080074ac       0x1c SPI\SPI.cpp.o
 .text._ZL15configure_gpiosP7spi_devb
                0x080074c8       0x84 SPI\SPI.cpp.o
 .text._ZL19determine_baud_rateP7spi_devm.isra.9
                0x0800754c       0x3c SPI\SPI.cpp.o
 .text._ZN8SPIClassC2Em
                0x08007588       0xa8 SPI\SPI.cpp.o
                0x08007588                SPIClass::SPIClass(unsigned long)
                0x08007588                SPIClass::SPIClass(unsigned long)
 .text._ZN8SPIClass14updateSettingsEv
                0x08007630       0x24 SPI\SPI.cpp.o
                0x08007630                SPIClass::updateSettings()
 .text._ZN8SPIClass5beginEv
                0x08007654       0x24 SPI\SPI.cpp.o
                0x08007654                SPIClass::begin()
 .text._ZN8SPIClass15setClockDividerEm
                0x08007678       0x18 SPI\SPI.cpp.o
                0x08007678                SPIClass::setClockDivider(unsigned long)
 .text._ZN8SPIClass11setBitOrderE8BitOrder
                0x08007690       0x18 SPI\SPI.cpp.o
                0x08007690                SPIClass::setBitOrder(BitOrder)
 .text._ZN8SPIClass11setDataSizeEm
                0x080076a8       0x30 SPI\SPI.cpp.o
                0x080076a8                SPIClass::setDataSize(unsigned long)
 .text._ZN8SPIClass11setDataModeEh
                0x080076d8       0x1a SPI\SPI.cpp.o
                0x080076d8                SPIClass::setDataMode(unsigned char)
 .text._ZN8SPIClass16beginTransactionEh11SPISettings
                0x080076f2       0x46 SPI\SPI.cpp.o
                0x080076f2                SPIClass::beginTransaction(unsigned char, SPISettings)
 .text._ZN8SPIClass5writeEt
                0x08007738       0x16 SPI\SPI.cpp.o
                0x08007738                SPIClass::write(unsigned short)
 .text._ZN8SPIClass5writeEtm
                0x0800774e       0x1e SPI\SPI.cpp.o
                0x0800774e                SPIClass::write(unsigned short, unsigned long)
 .text._ZN8SPIClass10dmaSendSetEPKvb
                0x0800776c       0x4e SPI\SPI.cpp.o
                0x0800776c                SPIClass::dmaSendSet(void const*, bool)
 *fill*         0x080077ba        0x2 
 .text._ZN8SPIClass13dmaSendRepeatEt
                0x080077bc       0xa4 SPI\SPI.cpp.o
                0x080077bc                SPIClass::dmaSendRepeat(unsigned short)
 .text._ZN8SPIClass7dmaSendEPKvtb
                0x08007860       0x18 SPI\SPI.cpp.o
                0x08007860                SPIClass::dmaSend(void const*, unsigned short, bool)
 .text.startup._GLOBAL__sub_I__ZN8SPIClassC2Em
                0x08007878        0xc SPI\SPI.cpp.o
 .text._Z9boardInitv
                0x08007884        0x4 C:\Users\jschw\AppData\Local\Temp\VMBCore\arduino16x\f704afbb9506ba03d7680fdde9126ac3\variant\board.cpp.o
                0x08007884                boardInit()
 .text.startup._GLOBAL__sub_I__Z9boardInitv
                0x08007888       0x48 C:\Users\jschw\AppData\Local\Temp\VMBCore\arduino16x\f704afbb9506ba03d7680fdde9126ac3\variant\board.cpp.o
 .text._ZL18adc_default_configP7adc_dev
                0x080078d0       0x1c C:\Users\jschw\AppData\Local\Temp\VMBCore\arduino16x\f704afbb9506ba03d7680fdde9126ac3\variant\boards.cpp.o
 .text._ZL20timer_default_configP9timer_dev
                0x080078ec       0x9e C:\Users\jschw\AppData\Local\Temp\VMBCore\arduino16x\f704afbb9506ba03d7680fdde9126ac3\variant\boards.cpp.o
 *fill*         0x0800798a        0x2 
 .text._Z4initv
                0x0800798c       0xbc C:\Users\jschw\AppData\Local\Temp\VMBCore\arduino16x\f704afbb9506ba03d7680fdde9126ac3\variant\boards.cpp.o
                0x0800798c                init()
 .text._ZN6wirish4priv15board_reset_pllEv
                0x08007a48        0x2 C:\Users\jschw\AppData\Local\Temp\VMBCore\arduino16x\f704afbb9506ba03d7680fdde9126ac3\variant\boards_setup.cpp.o
                0x08007a48                wirish::priv::board_reset_pll()
 .text._ZN6wirish4priv28board_setup_clock_prescalersEv
                0x08007a4a       0x2e C:\Users\jschw\AppData\Local\Temp\VMBCore\arduino16x\f704afbb9506ba03d7680fdde9126ac3\variant\boards_setup.cpp.o
                0x08007a4a                wirish::priv::board_setup_clock_prescalers()
 .text._ZN6wirish4priv16board_setup_gpioEv
                0x08007a78        0x4 C:\Users\jschw\AppData\Local\Temp\VMBCore\arduino16x\f704afbb9506ba03d7680fdde9126ac3\variant\boards_setup.cpp.o
                0x08007a78                wirish::priv::board_setup_gpio()
 .text._ZN6wirish4priv15board_setup_usbEv
                0x08007a7c        0xc C:\Users\jschw\AppData\Local\Temp\VMBCore\arduino16x\f704afbb9506ba03d7680fdde9126ac3\variant\boards_setup.cpp.o
                0x08007a7c                wirish::priv::board_setup_usb()
 .text._ZN6wirish4priv11series_initEv
                0x08007a88        0x4 C:\Users\jschw\AppData\Local\Temp\VMBCore\arduino16x\f704afbb9506ba03d7680fdde9126ac3\variant\boards_setup.cpp.o
                0x08007a88                wirish::priv::series_init()
 .text          0x08007a8c       0x10 C:\Users\jschw\AppData\Local\Temp\VMBCore\arduino16x\f704afbb9506ba03d7680fdde9126ac3\variant\start.S.o
                0x08007a8c                __start__
 .text.start_c  0x08007a9c       0x64 C:\Users\jschw\AppData\Local\Temp\VMBCore\arduino16x\f704afbb9506ba03d7680fdde9126ac3\variant\start_c.c.o
                0x08007a9c                start_c
 .text._sbrk    0x08007b00       0x44 C:\Users\jschw\AppData\Local\Temp\VMBCore\arduino16x\f704afbb9506ba03d7680fdde9126ac3\variant\syscalls.c.o
                0x08007b00                _sbrk
 .text._exit    0x08007b44        0x2 C:\Users\jschw\AppData\Local\Temp\VMBCore\arduino16x\f704afbb9506ba03d7680fdde9126ac3\variant\syscalls.c.o
                0x08007b44                _exit
 *fill*         0x08007b46        0xa 
 .text          0x08007b50       0x60 C:\Users\jschw\AppData\Local\Temp\VMBuilds\BME680_Maple_TFT_Monitor\Arduino_STM32_mapleMini\Release/core.a(exc.S.o)
                0x08007b50                __exc_nmi
                0x08007b54                __exc_hardfault
                0x08007b58                __exc_memmanage
                0x08007b5c                __exc_busfault
                0x08007b60                __exc_usagefault
 .text          0x08007bb0        0x2 C:\Users\jschw\AppData\Local\Temp\VMBuilds\BME680_Maple_TFT_Monitor\Arduino_STM32_mapleMini\Release/core.a(isrs.S.o)
                0x08007bb0                __stm32reservedexception9
                0x08007bb0                __irq_i2c2_er
                0x08007bb0                __irq_i2c1_er
                0x08007bb0                __exc_debug_monitor
                0x08007bb0                __exc_svc
                0x08007bb0                __irq_exti0
                0x08007bb0                __irq_can_rx1
                0x08007bb0                __irq_spi2
                0x08007bb0                __irq_can_sce
                0x08007bb0                __irq_exti2
                0x08007bb0                __irq_exti3
                0x08007bb0                __irq_exti9_5
                0x08007bb0                __irq_pvd
                0x08007bb0                __irq_tamper
                0x08007bb0                __default_handler
                0x08007bb0                __irq_wwdg
                0x08007bb0                __stm32reservedexception10
                0x08007bb0                __irq_flash
                0x08007bb0                __irq_i2c2_ev
                0x08007bb0                __stm32reservedexception13
                0x08007bb0                __irq_rtc
                0x08007bb0                __irq_spi1
                0x08007bb0                __stm32reservedexception7
                0x08007bb0                __irq_usb_hp_can_tx
                0x08007bb0                __irq_exti15_10
                0x08007bb0                __irq_exti4
                0x08007bb0                __irq_rtcalarm
                0x08007bb0                __stm32reservedexception8
                0x08007bb0                __exc_pendsv
                0x08007bb0                __irq_i2c1_ev
                0x08007bb0                __irq_usbwakeup
                0x08007bb0                __irq_exti1
                0x08007bb0                __irq_rcc
 *fill*         0x08007bb2        0x2 
 .text.dtostrf  0x08007bb4       0x28 C:\Users\jschw\AppData\Local\Temp\VMBuilds\BME680_Maple_TFT_Monitor\Arduino_STM32_mapleMini\Release/core.a(dtostrf.c.o)
                0x08007bb4                dtostrf
 .text.adc_init
                0x08007bdc       0x14 C:\Users\jschw\AppData\Local\Temp\VMBuilds\BME680_Maple_TFT_Monitor\Arduino_STM32_mapleMini\Release/core.a(adc.c.o)
                0x08007bdc                adc_init
 .text.adc_set_extsel
                0x08007bf0        0xe C:\Users\jschw\AppData\Local\Temp\VMBuilds\BME680_Maple_TFT_Monitor\Arduino_STM32_mapleMini\Release/core.a(adc.c.o)
                0x08007bf0                adc_set_extsel
 .text.adc_set_sample_rate
                0x08007bfe       0x30 C:\Users\jschw\AppData\Local\Temp\VMBuilds\BME680_Maple_TFT_Monitor\Arduino_STM32_mapleMini\Release/core.a(adc.c.o)
                0x08007bfe                adc_set_sample_rate
 *fill*         0x08007c2e        0x2 
 .text.__irq_adc
                0x08007c30       0x50 C:\Users\jschw\AppData\Local\Temp\VMBuilds\BME680_Maple_TFT_Monitor\Arduino_STM32_mapleMini\Release/core.a(adc_f1.c.o)
                0x08007c30                __irq_adc
 .text.adc_calibrate
                0x08007c80       0x24 C:\Users\jschw\AppData\Local\Temp\VMBuilds\BME680_Maple_TFT_Monitor\Arduino_STM32_mapleMini\Release/core.a(adc_f1.c.o)
                0x08007c80                adc_calibrate
 .text.adc_set_prescaler
                0x08007ca4        0x8 C:\Users\jschw\AppData\Local\Temp\VMBuilds\BME680_Maple_TFT_Monitor\Arduino_STM32_mapleMini\Release/core.a(adc_f1.c.o)
                0x08007ca4                adc_set_prescaler
 .text.adc_foreach
                0x08007cac       0x1c C:\Users\jschw\AppData\Local\Temp\VMBuilds\BME680_Maple_TFT_Monitor\Arduino_STM32_mapleMini\Release/core.a(adc_f1.c.o)
                0x08007cac                adc_foreach
 .text.adc_enable_single_swstart
                0x08007cc8       0x36 C:\Users\jschw\AppData\Local\Temp\VMBuilds\BME680_Maple_TFT_Monitor\Arduino_STM32_mapleMini\Release/core.a(adc_f1.c.o)
                0x08007cc8                adc_enable_single_swstart
 .text.dma_init
                0x08007cfe        0x6 C:\Users\jschw\AppData\Local\Temp\VMBuilds\BME680_Maple_TFT_Monitor\Arduino_STM32_mapleMini\Release/core.a(dma.c.o)
                0x08007cfe                dma_init
 .text.dma_set_priority
                0x08007d04       0x18 C:\Users\jschw\AppData\Local\Temp\VMBuilds\BME680_Maple_TFT_Monitor\Arduino_STM32_mapleMini\Release/core.a(dma_f1.c.o)
                0x08007d04                dma_set_priority
 .text.dma_set_num_transfers
                0x08007d1c       0x10 C:\Users\jschw\AppData\Local\Temp\VMBuilds\BME680_Maple_TFT_Monitor\Arduino_STM32_mapleMini\Release/core.a(dma_f1.c.o)
                0x08007d1c                dma_set_num_transfers
 .text.dma_enable
                0x08007d2c       0x18 C:\Users\jschw\AppData\Local\Temp\VMBuilds\BME680_Maple_TFT_Monitor\Arduino_STM32_mapleMini\Release/core.a(dma_f1.c.o)
                0x08007d2c                dma_enable
 .text.dma_disable
                0x08007d44       0x18 C:\Users\jschw\AppData\Local\Temp\VMBuilds\BME680_Maple_TFT_Monitor\Arduino_STM32_mapleMini\Release/core.a(dma_f1.c.o)
                0x08007d44                dma_disable
 .text.dma_setup_transfer
                0x08007d5c       0x36 C:\Users\jschw\AppData\Local\Temp\VMBuilds\BME680_Maple_TFT_Monitor\Arduino_STM32_mapleMini\Release/core.a(dma_f1.c.o)
                0x08007d5c                dma_setup_transfer
 *fill*         0x08007d92        0x2 
 .text.__irq_dma1_channel1
                0x08007d94       0x18 C:\Users\jschw\AppData\Local\Temp\VMBuilds\BME680_Maple_TFT_Monitor\Arduino_STM32_mapleMini\Release/core.a(dma_f1.c.o)
                0x08007d94                __irq_dma1_channel1
 .text.__irq_dma1_channel2
                0x08007dac       0x18 C:\Users\jschw\AppData\Local\Temp\VMBuilds\BME680_Maple_TFT_Monitor\Arduino_STM32_mapleMini\Release/core.a(dma_f1.c.o)
                0x08007dac                __irq_dma1_channel2
 .text.__irq_dma1_channel3
                0x08007dc4       0x1c C:\Users\jschw\AppData\Local\Temp\VMBuilds\BME680_Maple_TFT_Monitor\Arduino_STM32_mapleMini\Release/core.a(dma_f1.c.o)
                0x08007dc4                __irq_dma1_channel3
 .text.__irq_dma1_channel4
                0x08007de0       0x1c C:\Users\jschw\AppData\Local\Temp\VMBuilds\BME680_Maple_TFT_Monitor\Arduino_STM32_mapleMini\Release/core.a(dma_f1.c.o)
                0x08007de0                __irq_dma1_channel4
 .text.__irq_dma1_channel5
                0x08007dfc       0x1c C:\Users\jschw\AppData\Local\Temp\VMBuilds\BME680_Maple_TFT_Monitor\Arduino_STM32_mapleMini\Release/core.a(dma_f1.c.o)
                0x08007dfc                __irq_dma1_channel5
 .text.__irq_dma1_channel6
                0x08007e18       0x1c C:\Users\jschw\AppData\Local\Temp\VMBuilds\BME680_Maple_TFT_Monitor\Arduino_STM32_mapleMini\Release/core.a(dma_f1.c.o)
                0x08007e18                __irq_dma1_channel6
 .text.__irq_dma1_channel7
                0x08007e34       0x1c C:\Users\jschw\AppData\Local\Temp\VMBuilds\BME680_Maple_TFT_Monitor\Arduino_STM32_mapleMini\Release/core.a(dma_f1.c.o)
                0x08007e34                __irq_dma1_channel7
 .text.flash_set_latency
                0x08007e50       0x14 C:\Users\jschw\AppData\Local\Temp\VMBuilds\BME680_Maple_TFT_Monitor\Arduino_STM32_mapleMini\Release/core.a(flash.c.o)
                0x08007e50                flash_set_latency
 .text.gpio_init_all
                0x08007e64       0x30 C:\Users\jschw\AppData\Local\Temp\VMBuilds\BME680_Maple_TFT_Monitor\Arduino_STM32_mapleMini\Release/core.a(gpio_f1.c.o)
                0x08007e64                gpio_init_all
 .text.gpio_set_mode
                0x08007e94       0x50 C:\Users\jschw\AppData\Local\Temp\VMBuilds\BME680_Maple_TFT_Monitor\Arduino_STM32_mapleMini\Release/core.a(gpio_f1.c.o)
                0x08007e94                gpio_set_mode
 .text.afio_init
                0x08007ee4       0x12 C:\Users\jschw\AppData\Local\Temp\VMBuilds\BME680_Maple_TFT_Monitor\Arduino_STM32_mapleMini\Release/core.a(gpio_f1.c.o)
                0x08007ee4                afio_init
 *fill*         0x08007ef6        0x2 
 .text.nvic_irq_set_priority
                0x08007ef8       0x28 C:\Users\jschw\AppData\Local\Temp\VMBuilds\BME680_Maple_TFT_Monitor\Arduino_STM32_mapleMini\Release/core.a(nvic.c.o)
                0x08007ef8                nvic_irq_set_priority
 .text.nvic_init
                0x08007f20       0x30 C:\Users\jschw\AppData\Local\Temp\VMBuilds\BME680_Maple_TFT_Monitor\Arduino_STM32_mapleMini\Release/core.a(nvic.c.o)
                0x08007f20                nvic_init
 .text.nvic_sys_reset
                0x08007f50       0x1c C:\Users\jschw\AppData\Local\Temp\VMBuilds\BME680_Maple_TFT_Monitor\Arduino_STM32_mapleMini\Release/core.a(nvic.c.o)
                0x08007f50                nvic_sys_reset
 .text.rcc_dev_clk
                0x08007f6c        0xc C:\Users\jschw\AppData\Local\Temp\VMBuilds\BME680_Maple_TFT_Monitor\Arduino_STM32_mapleMini\Release/core.a(rcc.c.o)
                0x08007f6c                rcc_dev_clk
 .text.rcc_switch_sysclk
                0x08007f78       0x20 C:\Users\jschw\AppData\Local\Temp\VMBuilds\BME680_Maple_TFT_Monitor\Arduino_STM32_mapleMini\Release/core.a(rcc.c.o)
                0x08007f78                rcc_switch_sysclk
 .text.rcc_turn_on_clk
                0x08007f98       0x1a C:\Users\jschw\AppData\Local\Temp\VMBuilds\BME680_Maple_TFT_Monitor\Arduino_STM32_mapleMini\Release/core.a(rcc.c.o)
                0x08007f98                rcc_turn_on_clk
 .text.rcc_turn_off_clk
                0x08007fb2       0x1c C:\Users\jschw\AppData\Local\Temp\VMBuilds\BME680_Maple_TFT_Monitor\Arduino_STM32_mapleMini\Release/core.a(rcc.c.o)
                0x08007fb2                rcc_turn_off_clk
 .text.rcc_is_clk_ready
                0x08007fce       0x18 C:\Users\jschw\AppData\Local\Temp\VMBuilds\BME680_Maple_TFT_Monitor\Arduino_STM32_mapleMini\Release/core.a(rcc.c.o)
                0x08007fce                rcc_is_clk_ready
 *fill*         0x08007fe6        0x2 
 .text.rcc_configure_pll
                0x08007fe8       0x18 C:\Users\jschw\AppData\Local\Temp\VMBuilds\BME680_Maple_TFT_Monitor\Arduino_STM32_mapleMini\Release/core.a(rcc_f1.c.o)
                0x08007fe8                rcc_configure_pll
 .text.rcc_clk_enable
                0x08008000       0x30 C:\Users\jschw\AppData\Local\Temp\VMBuilds\BME680_Maple_TFT_Monitor\Arduino_STM32_mapleMini\Release/core.a(rcc_f1.c.o)
                0x08008000                rcc_clk_enable
 .text.rcc_reset_dev
                0x08008030       0x34 C:\Users\jschw\AppData\Local\Temp\VMBuilds\BME680_Maple_TFT_Monitor\Arduino_STM32_mapleMini\Release/core.a(rcc_f1.c.o)
                0x08008030                rcc_reset_dev
 .text.rcc_set_prescaler
                0x08008064       0x20 C:\Users\jschw\AppData\Local\Temp\VMBuilds\BME680_Maple_TFT_Monitor\Arduino_STM32_mapleMini\Release/core.a(rcc_f1.c.o)
                0x08008064                rcc_set_prescaler
 .text.rcc_clk_disable
                0x08008084       0x30 C:\Users\jschw\AppData\Local\Temp\VMBuilds\BME680_Maple_TFT_Monitor\Arduino_STM32_mapleMini\Release/core.a(rcc_f1.c.o)
                0x08008084                rcc_clk_disable
 .text.bb_peri_set_bit
                0x080080b4        0xe C:\Users\jschw\AppData\Local\Temp\VMBuilds\BME680_Maple_TFT_Monitor\Arduino_STM32_mapleMini\Release/core.a(spi.c.o)
 .text.spi_init
                0x080080c2       0x14 C:\Users\jschw\AppData\Local\Temp\VMBuilds\BME680_Maple_TFT_Monitor\Arduino_STM32_mapleMini\Release/core.a(spi.c.o)
                0x080080c2                spi_init
 .text.spi_peripheral_enable
                0x080080d6        0xa C:\Users\jschw\AppData\Local\Temp\VMBuilds\BME680_Maple_TFT_Monitor\Arduino_STM32_mapleMini\Release/core.a(spi.c.o)
                0x080080d6                spi_peripheral_enable
 .text.spi_peripheral_disable
                0x080080e0        0xa C:\Users\jschw\AppData\Local\Temp\VMBuilds\BME680_Maple_TFT_Monitor\Arduino_STM32_mapleMini\Release/core.a(spi.c.o)
                0x080080e0                spi_peripheral_disable
 .text.spi_reconfigure
                0x080080ea       0x2c C:\Users\jschw\AppData\Local\Temp\VMBuilds\BME680_Maple_TFT_Monitor\Arduino_STM32_mapleMini\Release/core.a(spi.c.o)
 .text.spi_master_enable
                0x08008116        0xc C:\Users\jschw\AppData\Local\Temp\VMBuilds\BME680_Maple_TFT_Monitor\Arduino_STM32_mapleMini\Release/core.a(spi.c.o)
                0x08008116                spi_master_enable
 .text.spi_tx_dma_enable
                0x08008122        0xc C:\Users\jschw\AppData\Local\Temp\VMBuilds\BME680_Maple_TFT_Monitor\Arduino_STM32_mapleMini\Release/core.a(spi.c.o)
                0x08008122                spi_tx_dma_enable
 .text.spi_tx_dma_disable
                0x0800812e        0xc C:\Users\jschw\AppData\Local\Temp\VMBuilds\BME680_Maple_TFT_Monitor\Arduino_STM32_mapleMini\Release/core.a(spi.c.o)
                0x0800812e                spi_tx_dma_disable
 .text.spi_config_gpios
                0x0800813a       0x5a C:\Users\jschw\AppData\Local\Temp\VMBuilds\BME680_Maple_TFT_Monitor\Arduino_STM32_mapleMini\Release/core.a(spi_f1.c.o)
                0x0800813a                spi_config_gpios
 .text.systick_init
                0x08008194       0x10 C:\Users\jschw\AppData\Local\Temp\VMBuilds\BME680_Maple_TFT_Monitor\Arduino_STM32_mapleMini\Release/core.a(systick.c.o)
                0x08008194                systick_init
 .text.__exc_systick
                0x080081a4       0x1c C:\Users\jschw\AppData\Local\Temp\VMBuilds\BME680_Maple_TFT_Monitor\Arduino_STM32_mapleMini\Release/core.a(systick.c.o)
                0x080081a4                __exc_systick
 .text.timer_oc_set_mode
                0x080081c0       0x3a C:\Users\jschw\AppData\Local\Temp\VMBuilds\BME680_Maple_TFT_Monitor\Arduino_STM32_mapleMini\Release/core.a(timer.c.o)
 *fill*         0x080081fa        0x2 
 .text.timer_foreach
                0x080081fc       0x28 C:\Users\jschw\AppData\Local\Temp\VMBuilds\BME680_Maple_TFT_Monitor\Arduino_STM32_mapleMini\Release/core.a(timer.c.o)
                0x080081fc                timer_foreach
 .text.timer_init
                0x08008224       0x14 C:\Users\jschw\AppData\Local\Temp\VMBuilds\BME680_Maple_TFT_Monitor\Arduino_STM32_mapleMini\Release/core.a(timer.c.o)
                0x08008224                timer_init
 .text.timer_has_cc_channel
                0x08008238       0x30 C:\Users\jschw\AppData\Local\Temp\VMBuilds\BME680_Maple_TFT_Monitor\Arduino_STM32_mapleMini\Release/core.a(timer.c.o)
                0x08008238                timer_has_cc_channel
 .text.timer_detach_interrupt
                0x08008268       0x1e C:\Users\jschw\AppData\Local\Temp\VMBuilds\BME680_Maple_TFT_Monitor\Arduino_STM32_mapleMini\Release/core.a(timer.c.o)
                0x08008268                timer_detach_interrupt
 .text.timer_set_mode
                0x08008286       0x86 C:\Users\jschw\AppData\Local\Temp\VMBuilds\BME680_Maple_TFT_Monitor\Arduino_STM32_mapleMini\Release/core.a(timer.c.o)
                0x08008286                timer_set_mode
 .text.__irq_tim1_brk
                0x0800830c       0x24 C:\Users\jschw\AppData\Local\Temp\VMBuilds\BME680_Maple_TFT_Monitor\Arduino_STM32_mapleMini\Release/core.a(timer.c.o)
                0x0800830c                __irq_tim1_brk
 .text.__irq_tim1_up
                0x08008330       0x24 C:\Users\jschw\AppData\Local\Temp\VMBuilds\BME680_Maple_TFT_Monitor\Arduino_STM32_mapleMini\Release/core.a(timer.c.o)
                0x08008330                __irq_tim1_up
 .text.__irq_tim1_trg_com
                0x08008354       0x38 C:\Users\jschw\AppData\Local\Temp\VMBuilds\BME680_Maple_TFT_Monitor\Arduino_STM32_mapleMini\Release/core.a(timer.c.o)
                0x08008354                __irq_tim1_trg_com
 .text.__irq_tim1_cc
                0x0800838c       0x54 C:\Users\jschw\AppData\Local\Temp\VMBuilds\BME680_Maple_TFT_Monitor\Arduino_STM32_mapleMini\Release/core.a(timer.c.o)
                0x0800838c                __irq_tim1_cc
 .text.__irq_tim2
                0x080083e0       0x70 C:\Users\jschw\AppData\Local\Temp\VMBuilds\BME680_Maple_TFT_Monitor\Arduino_STM32_mapleMini\Release/core.a(timer.c.o)
                0x080083e0                __irq_tim2
 .text.__irq_tim3
                0x08008450       0x70 C:\Users\jschw\AppData\Local\Temp\VMBuilds\BME680_Maple_TFT_Monitor\Arduino_STM32_mapleMini\Release/core.a(timer.c.o)
                0x08008450                __irq_tim3
 .text.__irq_tim4
                0x080084c0       0x70 C:\Users\jschw\AppData\Local\Temp\VMBuilds\BME680_Maple_TFT_Monitor\Arduino_STM32_mapleMini\Release/core.a(timer.c.o)
                0x080084c0                __irq_tim4
 .text.rb_remove
                0x08008530       0x24 C:\Users\jschw\AppData\Local\Temp\VMBuilds\BME680_Maple_TFT_Monitor\Arduino_STM32_mapleMini\Release/core.a(usart_f1.c.o)
 .text.rb_push_insert
                0x08008554       0x52 C:\Users\jschw\AppData\Local\Temp\VMBuilds\BME680_Maple_TFT_Monitor\Arduino_STM32_mapleMini\Release/core.a(usart_f1.c.o)
 .text.usart_config_gpios_async
                0x080085a6       0x4a C:\Users\jschw\AppData\Local\Temp\VMBuilds\BME680_Maple_TFT_Monitor\Arduino_STM32_mapleMini\Release/core.a(usart_f1.c.o)
                0x080085a6                usart_config_gpios_async
 .text.usart_set_baud_rate
                0x080085f0       0x3c C:\Users\jschw\AppData\Local\Temp\VMBuilds\BME680_Maple_TFT_Monitor\Arduino_STM32_mapleMini\Release/core.a(usart_f1.c.o)
                0x080085f0                usart_set_baud_rate
 .text.__irq_usart1
                0x0800862c       0x54 C:\Users\jschw\AppData\Local\Temp\VMBuilds\BME680_Maple_TFT_Monitor\Arduino_STM32_mapleMini\Release/core.a(usart_f1.c.o)
                0x0800862c                __irq_usart1
 .text.__irq_usart2
                0x08008680       0x54 C:\Users\jschw\AppData\Local\Temp\VMBuilds\BME680_Maple_TFT_Monitor\Arduino_STM32_mapleMini\Release/core.a(usart_f1.c.o)
                0x08008680                __irq_usart2
 .text.__irq_usart3
                0x080086d4       0x54 C:\Users\jschw\AppData\Local\Temp\VMBuilds\BME680_Maple_TFT_Monitor\Arduino_STM32_mapleMini\Release/core.a(usart_f1.c.o)
                0x080086d4                __irq_usart3
 .text._usart_clock_freq
                0x08008728       0x24 C:\Users\jschw\AppData\Local\Temp\VMBuilds\BME680_Maple_TFT_Monitor\Arduino_STM32_mapleMini\Release/core.a(usart_private.c.o)
                0x08008728                _usart_clock_freq
 .text.throb    0x0800874c       0x4c C:\Users\jschw\AppData\Local\Temp\VMBuilds\BME680_Maple_TFT_Monitor\Arduino_STM32_mapleMini\Release/core.a(util.c.o)
                0x0800874c                throb
 .text.__error  0x08008798       0x14 C:\Users\jschw\AppData\Local\Temp\VMBuilds\BME680_Maple_TFT_Monitor\Arduino_STM32_mapleMini\Release/core.a(util.c.o)
                0x08008798                __error
 .text.__cxa_pure_virtual
                0x080087ac        0x2 C:\Users\jschw\AppData\Local\Temp\VMBuilds\BME680_Maple_TFT_Monitor\Arduino_STM32_mapleMini\Release/core.a(cxxabi-compat.cpp.o)
                0x080087ac                __cxa_pure_virtual
 .text._ZN14HardwareSerial4readEv
                0x080087ae       0x4e C:\Users\jschw\AppData\Local\Temp\VMBuilds\BME680_Maple_TFT_Monitor\Arduino_STM32_mapleMini\Release/core.a(HardwareSerial.cpp.o)
                0x080087ae                HardwareSerial::read()
 .text._ZN14HardwareSerial4peekEv
                0x080087fc       0x22 C:\Users\jschw\AppData\Local\Temp\VMBuilds\BME680_Maple_TFT_Monitor\Arduino_STM32_mapleMini\Release/core.a(HardwareSerial.cpp.o)
                0x080087fc                HardwareSerial::peek()
 .text._ZN14HardwareSerial5flushEv
                0x0800881e       0x1a C:\Users\jschw\AppData\Local\Temp\VMBuilds\BME680_Maple_TFT_Monitor\Arduino_STM32_mapleMini\Release/core.a(HardwareSerial.cpp.o)
                0x0800881e                HardwareSerial::flush()
 .text._ZN14HardwareSerial5writeEh
                0x08008838       0x1e C:\Users\jschw\AppData\Local\Temp\VMBuilds\BME680_Maple_TFT_Monitor\Arduino_STM32_mapleMini\Release/core.a(HardwareSerial.cpp.o)
                0x08008838                HardwareSerial::write(unsigned char)
 .text._ZN14HardwareSerial9availableEv
                0x08008856       0x26 C:\Users\jschw\AppData\Local\Temp\VMBuilds\BME680_Maple_TFT_Monitor\Arduino_STM32_mapleMini\Release/core.a(HardwareSerial.cpp.o)
                0x08008856                HardwareSerial::available()
 .text._ZN14HardwareSerialC2EP9usart_devhh
                0x0800887c       0x1c C:\Users\jschw\AppData\Local\Temp\VMBuilds\BME680_Maple_TFT_Monitor\Arduino_STM32_mapleMini\Release/core.a(HardwareSerial.cpp.o)
                0x0800887c                HardwareSerial::HardwareSerial(usart_dev*, unsigned char, unsigned char)
                0x0800887c                HardwareSerial::HardwareSerial(usart_dev*, unsigned char, unsigned char)
 .text._ZN14HardwareSerial5beginEmh
                0x08008898       0x78 C:\Users\jschw\AppData\Local\Temp\VMBuilds\BME680_Maple_TFT_Monitor\Arduino_STM32_mapleMini\Release/core.a(HardwareSerial.cpp.o)
                0x08008898                HardwareSerial::begin(unsigned long, unsigned char)
 .text._ZN14HardwareSerial5beginEm
                0x08008910        0x6 C:\Users\jschw\AppData\Local\Temp\VMBuilds\BME680_Maple_TFT_Monitor\Arduino_STM32_mapleMini\Release/core.a(HardwareSerial.cpp.o)
                0x08008910                HardwareSerial::begin(unsigned long)
 .text.startup._Z7premainv
                0x08008916        0x4 C:\Users\jschw\AppData\Local\Temp\VMBuilds\BME680_Maple_TFT_Monitor\Arduino_STM32_mapleMini\Release/core.a(main.cpp.o)
                0x08008916                premain()
 .text.startup.main
                0x0800891a        0xc C:\Users\jschw\AppData\Local\Temp\VMBuilds\BME680_Maple_TFT_Monitor\Arduino_STM32_mapleMini\Release/core.a(main.cpp.o)
                0x0800891a                main
 .text._ZN5Print5writeEPKc
                0x08008926       0x1c C:\Users\jschw\AppData\Local\Temp\VMBuilds\BME680_Maple_TFT_Monitor\Arduino_STM32_mapleMini\Release/core.a(Print.cpp.o)
                0x08008926                Print::write(char const*)
 .text._ZN5Print5writeEPKvm
                0x08008942       0x20 C:\Users\jschw\AppData\Local\Temp\VMBuilds\BME680_Maple_TFT_Monitor\Arduino_STM32_mapleMini\Release/core.a(Print.cpp.o)
                0x08008942                Print::write(void const*, unsigned long)
 .text._ZN5Print5printEc
                0x08008962        0xa C:\Users\jschw\AppData\Local\Temp\VMBuilds\BME680_Maple_TFT_Monitor\Arduino_STM32_mapleMini\Release/core.a(Print.cpp.o)
                0x08008962                Print::print(char)
 .text._ZN5Print5printEPKc
                0x0800896c        0xa C:\Users\jschw\AppData\Local\Temp\VMBuilds\BME680_Maple_TFT_Monitor\Arduino_STM32_mapleMini\Release/core.a(Print.cpp.o)
                0x0800896c                Print::print(char const*)
 .text._ZN5Print7printlnEv
                0x08008976       0x18 C:\Users\jschw\AppData\Local\Temp\VMBuilds\BME680_Maple_TFT_Monitor\Arduino_STM32_mapleMini\Release/core.a(Print.cpp.o)
                0x08008976                Print::println()
 .text._ZN5Print7printlnEPKc
                0x0800898e       0x14 C:\Users\jschw\AppData\Local\Temp\VMBuilds\BME680_Maple_TFT_Monitor\Arduino_STM32_mapleMini\Release/core.a(Print.cpp.o)
                0x0800898e                Print::println(char const*)
 .text._ZN5Print11printNumberEyh
                0x080089a2       0x84 C:\Users\jschw\AppData\Local\Temp\VMBuilds\BME680_Maple_TFT_Monitor\Arduino_STM32_mapleMini\Release/core.a(Print.cpp.o)
                0x080089a2                Print::printNumber(unsigned long long, unsigned char)
 .text._ZN5Print5printExi
                0x08008a26       0x40 C:\Users\jschw\AppData\Local\Temp\VMBuilds\BME680_Maple_TFT_Monitor\Arduino_STM32_mapleMini\Release/core.a(Print.cpp.o)
                0x08008a26                Print::print(long long, int)
 .text._ZN5Print5printEii
                0x08008a66       0x12 C:\Users\jschw\AppData\Local\Temp\VMBuilds\BME680_Maple_TFT_Monitor\Arduino_STM32_mapleMini\Release/core.a(Print.cpp.o)
                0x08008a66                Print::print(int, int)
 .text._ZN5Print7printlnEii
                0x08008a78       0x14 C:\Users\jschw\AppData\Local\Temp\VMBuilds\BME680_Maple_TFT_Monitor\Arduino_STM32_mapleMini\Release/core.a(Print.cpp.o)
                0x08008a78                Print::println(int, int)
 .text._ZN5Print5printEyi
                0x08008a8c       0x1c C:\Users\jschw\AppData\Local\Temp\VMBuilds\BME680_Maple_TFT_Monitor\Arduino_STM32_mapleMini\Release/core.a(Print.cpp.o)
                0x08008a8c                Print::print(unsigned long long, int)
 .text._ZN5Print5printEmi
                0x08008aa8       0x12 C:\Users\jschw\AppData\Local\Temp\VMBuilds\BME680_Maple_TFT_Monitor\Arduino_STM32_mapleMini\Release/core.a(Print.cpp.o)
                0x08008aa8                Print::print(unsigned long, int)
 *fill*         0x08008aba        0x6 
 .text._ZN5Print10printFloatEdh
                0x08008ac0      0x158 C:\Users\jschw\AppData\Local\Temp\VMBuilds\BME680_Maple_TFT_Monitor\Arduino_STM32_mapleMini\Release/core.a(Print.cpp.o)
                0x08008ac0                Print::printFloat(double, unsigned char)
 .text._ZN5Print5printEdi
                0x08008c18        0xa C:\Users\jschw\AppData\Local\Temp\VMBuilds\BME680_Maple_TFT_Monitor\Arduino_STM32_mapleMini\Release/core.a(Print.cpp.o)
                0x08008c18                Print::print(double, int)
 .text._ZN5Print7printlnEdi
                0x08008c22       0x1c C:\Users\jschw\AppData\Local\Temp\VMBuilds\BME680_Maple_TFT_Monitor\Arduino_STM32_mapleMini\Release/core.a(Print.cpp.o)
                0x08008c22                Print::println(double, int)
 .text._ZN9USBSerial9availableEv
                0x08008c3e        0x4 C:\Users\jschw\AppData\Local\Temp\VMBuilds\BME680_Maple_TFT_Monitor\Arduino_STM32_mapleMini\Release/core.a(usb_serial.cpp.o)
                0x08008c3e                USBSerial::available()
 .text._ZN9USBSerial4peekEv
                0x08008c42       0x1e C:\Users\jschw\AppData\Local\Temp\VMBuilds\BME680_Maple_TFT_Monitor\Arduino_STM32_mapleMini\Release/core.a(usb_serial.cpp.o)
                0x08008c42                USBSerial::peek()
 .text._ZN9USBSerial4readEv
                0x08008c60       0x1e C:\Users\jschw\AppData\Local\Temp\VMBuilds\BME680_Maple_TFT_Monitor\Arduino_STM32_mapleMini\Release/core.a(usb_serial.cpp.o)
                0x08008c60                USBSerial::read()
 *fill*         0x08008c7e        0x2 
 .text._ZL14ifaceSetupHookjPv
                0x08008c80       0x50 C:\Users\jschw\AppData\Local\Temp\VMBuilds\BME680_Maple_TFT_Monitor\Arduino_STM32_mapleMini\Release/core.a(usb_serial.cpp.o)
 .text._ZL6rxHookjPv
                0x08008cd0       0x84 C:\Users\jschw\AppData\Local\Temp\VMBuilds\BME680_Maple_TFT_Monitor\Arduino_STM32_mapleMini\Release/core.a(usb_serial.cpp.o)
 .text._ZL10wait_resetv
                0x08008d54       0x10 C:\Users\jschw\AppData\Local\Temp\VMBuilds\BME680_Maple_TFT_Monitor\Arduino_STM32_mapleMini\Release/core.a(usb_serial.cpp.o)
 .text._ZN9USBSerialC2Ev
                0x08008d64       0x14 C:\Users\jschw\AppData\Local\Temp\VMBuilds\BME680_Maple_TFT_Monitor\Arduino_STM32_mapleMini\Release/core.a(usb_serial.cpp.o)
                0x08008d64                USBSerial::USBSerial()
                0x08008d64                USBSerial::USBSerial()
 .text._ZN9USBSerial5beginEv
                0x08008d78       0x3c C:\Users\jschw\AppData\Local\Temp\VMBuilds\BME680_Maple_TFT_Monitor\Arduino_STM32_mapleMini\Release/core.a(usb_serial.cpp.o)
                0x08008d78                USBSerial::begin()
 .text._ZN9USBSerial5beginEm
                0x08008db4       0x10 C:\Users\jschw\AppData\Local\Temp\VMBuilds\BME680_Maple_TFT_Monitor\Arduino_STM32_mapleMini\Release/core.a(usb_serial.cpp.o)
                0x08008db4                USBSerial::begin(unsigned long)
 .text._ZN9USBSerial4readEPhm
                0x08008dc4       0x1c C:\Users\jschw\AppData\Local\Temp\VMBuilds\BME680_Maple_TFT_Monitor\Arduino_STM32_mapleMini\Release/core.a(usb_serial.cpp.o)
                0x08008dc4                USBSerial::read(unsigned char*, unsigned long)
 .text._ZN9USBSerial5flushEv
                0x08008de0       0x1c C:\Users\jschw\AppData\Local\Temp\VMBuilds\BME680_Maple_TFT_Monitor\Arduino_STM32_mapleMini\Release/core.a(usb_serial.cpp.o)
                0x08008de0                USBSerial::flush()
 .text._ZN9USBSerial11isConnectedEv
                0x08008dfc       0x20 C:\Users\jschw\AppData\Local\Temp\VMBuilds\BME680_Maple_TFT_Monitor\Arduino_STM32_mapleMini\Release/core.a(usb_serial.cpp.o)
                0x08008dfc                USBSerial::isConnected()
 .text._ZN9USBSerial5writeEPKhm
                0x08008e1c       0x24 C:\Users\jschw\AppData\Local\Temp\VMBuilds\BME680_Maple_TFT_Monitor\Arduino_STM32_mapleMini\Release/core.a(usb_serial.cpp.o)
                0x08008e1c                USBSerial::write(unsigned char const*, unsigned long)
 .text._ZN9USBSerial5writeEh
                0x08008e40       0x18 C:\Users\jschw\AppData\Local\Temp\VMBuilds\BME680_Maple_TFT_Monitor\Arduino_STM32_mapleMini\Release/core.a(usb_serial.cpp.o)
                0x08008e40                USBSerial::write(unsigned char)
 .text._ZN9USBSerial5writeEPKc
                0x08008e58       0x1a C:\Users\jschw\AppData\Local\Temp\VMBuilds\BME680_Maple_TFT_Monitor\Arduino_STM32_mapleMini\Release/core.a(usb_serial.cpp.o)
                0x08008e58                USBSerial::write(char const*)
 *fill*         0x08008e72        0x2 
 .text.startup._GLOBAL__sub_I__ZN9USBSerial9_hasBegunE
                0x08008e74        0xc C:\Users\jschw\AppData\Local\Temp\VMBuilds\BME680_Maple_TFT_Monitor\Arduino_STM32_mapleMini\Release/core.a(usb_serial.cpp.o)
 .text._Z12digitalWritehh
                0x08008e80       0x2c C:\Users\jschw\AppData\Local\Temp\VMBuilds\BME680_Maple_TFT_Monitor\Arduino_STM32_mapleMini\Release/core.a(wirish_digital.cpp.o)
                0x08008e80                digitalWrite(unsigned char, unsigned char)
 .text._Z5delaym
                0x08008eac       0x1c C:\Users\jschw\AppData\Local\Temp\VMBuilds\BME680_Maple_TFT_Monitor\Arduino_STM32_mapleMini\Release/core.a(wirish_time.cpp.o)
                0x08008eac                delay(unsigned long)
 .text._Z17disableDebugPortsv
                0x08008ec8       0x14 C:\Users\jschw\AppData\Local\Temp\VMBuilds\BME680_Maple_TFT_Monitor\Arduino_STM32_mapleMini\Release/core.a(wirish_debug.cpp.o)
                0x08008ec8                disableDebugPorts()
 .text._Z7pinModeh13WiringPinMode
                0x08008edc       0x6c C:\Users\jschw\AppData\Local\Temp\VMBuilds\BME680_Maple_TFT_Monitor\Arduino_STM32_mapleMini\Release/core.a(wirish_digital_f1.cpp.o)
                0x08008edc                pinMode(unsigned char, WiringPinMode)
 .text.__empty  0x08008f48        0x2 C:\Users\jschw\AppData\Local\Temp\VMBuilds\BME680_Maple_TFT_Monitor\Arduino_STM32_mapleMini\Release/core.a(hooks.c.o)
                0x08008f48                yield
 .text.gpio_init
                0x08008f4a       0x14 C:\Users\jschw\AppData\Local\Temp\VMBuilds\BME680_Maple_TFT_Monitor\Arduino_STM32_mapleMini\Release/core.a(gpio.c.o)
                0x08008f4a                gpio_init
 *fill*         0x08008f5e        0x2 
 .text.iwdg_init
                0x08008f60       0x20 C:\Users\jschw\AppData\Local\Temp\VMBuilds\BME680_Maple_TFT_Monitor\Arduino_STM32_mapleMini\Release/core.a(iwdg.c.o)
                0x08008f60                iwdg_init
 .text.usart_init
                0x08008f80       0x4c C:\Users\jschw\AppData\Local\Temp\VMBuilds\BME680_Maple_TFT_Monitor\Arduino_STM32_mapleMini\Release/core.a(usart.c.o)
                0x08008f80                usart_init
 .text.usart_enable
                0x08008fcc       0x14 C:\Users\jschw\AppData\Local\Temp\VMBuilds\BME680_Maple_TFT_Monitor\Arduino_STM32_mapleMini\Release/core.a(usart.c.o)
                0x08008fcc                usart_enable
 .text.usart_tx
                0x08008fe0       0x9c C:\Users\jschw\AppData\Local\Temp\VMBuilds\BME680_Maple_TFT_Monitor\Arduino_STM32_mapleMini\Release/core.a(usart.c.o)
                0x08008fe0                usart_tx
 .text.usb_resume
                0x0800907c       0xb4 C:\Users\jschw\AppData\Local\Temp\VMBuilds\BME680_Maple_TFT_Monitor\Arduino_STM32_mapleMini\Release/core.a(usb.c.o)
 .text.usb_init_usblib
                0x08009130       0x48 C:\Users\jschw\AppData\Local\Temp\VMBuilds\BME680_Maple_TFT_Monitor\Arduino_STM32_mapleMini\Release/core.a(usb.c.o)
                0x08009130                usb_init_usblib
 .text.__irq_usb_lp_can_rx0
                0x08009178      0x1c8 C:\Users\jschw\AppData\Local\Temp\VMBuilds\BME680_Maple_TFT_Monitor\Arduino_STM32_mapleMini\Release/core.a(usb.c.o)
                0x08009178                __irq_usb_lp_can_rx0
 .text.usb_set_ep_rx_stat
                0x08009340       0x22 C:\Users\jschw\AppData\Local\Temp\VMBuilds\BME680_Maple_TFT_Monitor\Arduino_STM32_mapleMini\Release/core.a(usb_cdcacm.c.o)
 *fill*         0x08009362        0x2 
 .text.vcomGetSetLineCoding
                0x08009364       0x18 C:\Users\jschw\AppData\Local\Temp\VMBuilds\BME680_Maple_TFT_Monitor\Arduino_STM32_mapleMini\Release/core.a(usb_cdcacm.c.o)
 .text.usbDataSetup
                0x0800937c       0x54 C:\Users\jschw\AppData\Local\Temp\VMBuilds\BME680_Maple_TFT_Monitor\Arduino_STM32_mapleMini\Release/core.a(usb_cdcacm.c.o)
 .text.usbNoDataSetup
                0x080093d0       0x50 C:\Users\jschw\AppData\Local\Temp\VMBuilds\BME680_Maple_TFT_Monitor\Arduino_STM32_mapleMini\Release/core.a(usb_cdcacm.c.o)
 .text.usbGetInterfaceSetting
                0x08009420       0x10 C:\Users\jschw\AppData\Local\Temp\VMBuilds\BME680_Maple_TFT_Monitor\Arduino_STM32_mapleMini\Release/core.a(usb_cdcacm.c.o)
 .text.usbSetConfiguration
                0x08009430       0x1c C:\Users\jschw\AppData\Local\Temp\VMBuilds\BME680_Maple_TFT_Monitor\Arduino_STM32_mapleMini\Release/core.a(usb_cdcacm.c.o)
 .text.usbSetDeviceAddress
                0x0800944c       0x10 C:\Users\jschw\AppData\Local\Temp\VMBuilds\BME680_Maple_TFT_Monitor\Arduino_STM32_mapleMini\Release/core.a(usb_cdcacm.c.o)
 .text.usbGetStringDescriptor
                0x0800945c       0x20 C:\Users\jschw\AppData\Local\Temp\VMBuilds\BME680_Maple_TFT_Monitor\Arduino_STM32_mapleMini\Release/core.a(usb_cdcacm.c.o)
 .text.usbGetConfigDescriptor
                0x0800947c        0xc C:\Users\jschw\AppData\Local\Temp\VMBuilds\BME680_Maple_TFT_Monitor\Arduino_STM32_mapleMini\Release/core.a(usb_cdcacm.c.o)
 .text.usbGetDeviceDescriptor
                0x08009488        0xc C:\Users\jschw\AppData\Local\Temp\VMBuilds\BME680_Maple_TFT_Monitor\Arduino_STM32_mapleMini\Release/core.a(usb_cdcacm.c.o)
 .text.usbInit  0x08009494       0x44 C:\Users\jschw\AppData\Local\Temp\VMBuilds\BME680_Maple_TFT_Monitor\Arduino_STM32_mapleMini\Release/core.a(usb_cdcacm.c.o)
 .text.vcomDataTxCb
                0x080094d8       0xa0 C:\Users\jschw\AppData\Local\Temp\VMBuilds\BME680_Maple_TFT_Monitor\Arduino_STM32_mapleMini\Release/core.a(usb_cdcacm.c.o)
 .text.usbReset
                0x08009578      0x160 C:\Users\jschw\AppData\Local\Temp\VMBuilds\BME680_Maple_TFT_Monitor\Arduino_STM32_mapleMini\Release/core.a(usb_cdcacm.c.o)
 .text.vcomDataRxCb
                0x080096d8       0x7c C:\Users\jschw\AppData\Local\Temp\VMBuilds\BME680_Maple_TFT_Monitor\Arduino_STM32_mapleMini\Release/core.a(usb_cdcacm.c.o)
 .text.usb_cdcacm_set_hooks
                0x08009754       0x1c C:\Users\jschw\AppData\Local\Temp\VMBuilds\BME680_Maple_TFT_Monitor\Arduino_STM32_mapleMini\Release/core.a(usb_cdcacm.c.o)
                0x08009754                usb_cdcacm_set_hooks
 .text.usb_cdcacm_enable
                0x08009770       0x34 C:\Users\jschw\AppData\Local\Temp\VMBuilds\BME680_Maple_TFT_Monitor\Arduino_STM32_mapleMini\Release/core.a(usb_cdcacm.c.o)
                0x08009770                usb_cdcacm_enable
 .text.usb_cdcacm_tx
                0x080097a4       0x60 C:\Users\jschw\AppData\Local\Temp\VMBuilds\BME680_Maple_TFT_Monitor\Arduino_STM32_mapleMini\Release/core.a(usb_cdcacm.c.o)
                0x080097a4                usb_cdcacm_tx
 .text.usb_cdcacm_data_available
                0x08009804       0x18 C:\Users\jschw\AppData\Local\Temp\VMBuilds\BME680_Maple_TFT_Monitor\Arduino_STM32_mapleMini\Release/core.a(usb_cdcacm.c.o)
                0x08009804                usb_cdcacm_data_available
 .text.usb_cdcacm_peek
                0x0800981c       0x38 C:\Users\jschw\AppData\Local\Temp\VMBuilds\BME680_Maple_TFT_Monitor\Arduino_STM32_mapleMini\Release/core.a(usb_cdcacm.c.o)
                0x0800981c                usb_cdcacm_peek
 .text.usb_cdcacm_rx
                0x08009854       0x34 C:\Users\jschw\AppData\Local\Temp\VMBuilds\BME680_Maple_TFT_Monitor\Arduino_STM32_mapleMini\Release/core.a(usb_cdcacm.c.o)
                0x08009854                usb_cdcacm_rx
 .text.usb_cdcacm_peek_ex
                0x08009888       0x40 C:\Users\jschw\AppData\Local\Temp\VMBuilds\BME680_Maple_TFT_Monitor\Arduino_STM32_mapleMini\Release/core.a(usb_cdcacm.c.o)
                0x08009888                usb_cdcacm_peek_ex
 .text.usb_cdcacm_get_dtr
                0x080098c8       0x10 C:\Users\jschw\AppData\Local\Temp\VMBuilds\BME680_Maple_TFT_Monitor\Arduino_STM32_mapleMini\Release/core.a(usb_cdcacm.c.o)
                0x080098c8                usb_cdcacm_get_dtr
 .text.usb_cdcacm_get_baud
                0x080098d8        0xc C:\Users\jschw\AppData\Local\Temp\VMBuilds\BME680_Maple_TFT_Monitor\Arduino_STM32_mapleMini\Release/core.a(usb_cdcacm.c.o)
                0x080098d8                usb_cdcacm_get_baud
 .text.usb_set_ep_rx_count
                0x080098e4       0x40 C:\Users\jschw\AppData\Local\Temp\VMBuilds\BME680_Maple_TFT_Monitor\Arduino_STM32_mapleMini\Release/core.a(usb_reg_map.c.o)
                0x080098e4                usb_set_ep_rx_count
 .text.Standard_GetConfiguration
                0x08009924       0x24 C:\Users\jschw\AppData\Local\Temp\VMBuilds\BME680_Maple_TFT_Monitor\Arduino_STM32_mapleMini\Release/core.a(usb_core.c.o)
                0x08009924                Standard_GetConfiguration
 .text.Standard_GetInterface
                0x08009948       0x24 C:\Users\jschw\AppData\Local\Temp\VMBuilds\BME680_Maple_TFT_Monitor\Arduino_STM32_mapleMini\Release/core.a(usb_core.c.o)
                0x08009948                Standard_GetInterface
 .text.Standard_GetStatus
                0x0800996c       0x90 C:\Users\jschw\AppData\Local\Temp\VMBuilds\BME680_Maple_TFT_Monitor\Arduino_STM32_mapleMini\Release/core.a(usb_core.c.o)
                0x0800996c                Standard_GetStatus
 .text.DataStageIn
                0x080099fc       0xa8 C:\Users\jschw\AppData\Local\Temp\VMBuilds\BME680_Maple_TFT_Monitor\Arduino_STM32_mapleMini\Release/core.a(usb_core.c.o)
 .text.Standard_SetConfiguration
                0x08009aa4       0x38 C:\Users\jschw\AppData\Local\Temp\VMBuilds\BME680_Maple_TFT_Monitor\Arduino_STM32_mapleMini\Release/core.a(usb_core.c.o)
                0x08009aa4                Standard_SetConfiguration
 .text.Standard_SetInterface
                0x08009adc       0x48 C:\Users\jschw\AppData\Local\Temp\VMBuilds\BME680_Maple_TFT_Monitor\Arduino_STM32_mapleMini\Release/core.a(usb_core.c.o)
                0x08009adc                Standard_SetInterface
 .text.Standard_ClearFeature
                0x08009b24       0xd0 C:\Users\jschw\AppData\Local\Temp\VMBuilds\BME680_Maple_TFT_Monitor\Arduino_STM32_mapleMini\Release/core.a(usb_core.c.o)
                0x08009b24                Standard_ClearFeature
 .text.Standard_SetEndPointFeature
                0x08009bf4       0x84 C:\Users\jschw\AppData\Local\Temp\VMBuilds\BME680_Maple_TFT_Monitor\Arduino_STM32_mapleMini\Release/core.a(usb_core.c.o)
                0x08009bf4                Standard_SetEndPointFeature
 .text.Standard_SetDeviceFeature
                0x08009c78       0x24 C:\Users\jschw\AppData\Local\Temp\VMBuilds\BME680_Maple_TFT_Monitor\Arduino_STM32_mapleMini\Release/core.a(usb_core.c.o)
                0x08009c78                Standard_SetDeviceFeature
 .text.Standard_GetDescriptorData
                0x08009c9c       0x1c C:\Users\jschw\AppData\Local\Temp\VMBuilds\BME680_Maple_TFT_Monitor\Arduino_STM32_mapleMini\Release/core.a(usb_core.c.o)
                0x08009c9c                Standard_GetDescriptorData
 .text.Post0_Process
                0x08009cb8       0x40 C:\Users\jschw\AppData\Local\Temp\VMBuilds\BME680_Maple_TFT_Monitor\Arduino_STM32_mapleMini\Release/core.a(usb_core.c.o)
                0x08009cb8                Post0_Process
 .text.Setup0_Process
                0x08009cf8      0x2d0 C:\Users\jschw\AppData\Local\Temp\VMBuilds\BME680_Maple_TFT_Monitor\Arduino_STM32_mapleMini\Release/core.a(usb_core.c.o)
                0x08009cf8                Setup0_Process
 .text.Out0_Process
                0x08009fc8       0xc8 C:\Users\jschw\AppData\Local\Temp\VMBuilds\BME680_Maple_TFT_Monitor\Arduino_STM32_mapleMini\Release/core.a(usb_core.c.o)
                0x08009fc8                Out0_Process
 .text.SetDeviceAddress
                0x0800a090       0x38 C:\Users\jschw\AppData\Local\Temp\VMBuilds\BME680_Maple_TFT_Monitor\Arduino_STM32_mapleMini\Release/core.a(usb_core.c.o)
                0x0800a090                SetDeviceAddress
 .text.In0_Process
                0x0800a0c8       0x5c C:\Users\jschw\AppData\Local\Temp\VMBuilds\BME680_Maple_TFT_Monitor\Arduino_STM32_mapleMini\Release/core.a(usb_core.c.o)
                0x0800a0c8                In0_Process
 .text.NOP_Process
                0x0800a124        0x2 C:\Users\jschw\AppData\Local\Temp\VMBuilds\BME680_Maple_TFT_Monitor\Arduino_STM32_mapleMini\Release/core.a(usb_core.c.o)
                0x0800a124                NOP_Process
 .text.UserToPMABufferCopy
                0x0800a126       0x30 C:\Users\jschw\AppData\Local\Temp\VMBuilds\BME680_Maple_TFT_Monitor\Arduino_STM32_mapleMini\Release/core.a(usb_mem.c.o)
                0x0800a126                UserToPMABufferCopy
 .text.PMAToUserBufferCopy
                0x0800a156       0x24 C:\Users\jschw\AppData\Local\Temp\VMBuilds\BME680_Maple_TFT_Monitor\Arduino_STM32_mapleMini\Release/core.a(usb_mem.c.o)
                0x0800a156                PMAToUserBufferCopy
 .text.SetEPTxStatus
                0x0800a17a       0x2a C:\Users\jschw\AppData\Local\Temp\VMBuilds\BME680_Maple_TFT_Monitor\Arduino_STM32_mapleMini\Release/core.a(usb_regs.c.o)
                0x0800a17a                SetEPTxStatus
 .text.ClearDTOG_RX
                0x0800a1a4       0x20 C:\Users\jschw\AppData\Local\Temp\VMBuilds\BME680_Maple_TFT_Monitor\Arduino_STM32_mapleMini\Release/core.a(usb_regs.c.o)
                0x0800a1a4                ClearDTOG_RX
 .text.ClearDTOG_TX
                0x0800a1c4       0x20 C:\Users\jschw\AppData\Local\Temp\VMBuilds\BME680_Maple_TFT_Monitor\Arduino_STM32_mapleMini\Release/core.a(usb_regs.c.o)
                0x0800a1c4                ClearDTOG_TX
 .text.GetEPTxAddr
                0x0800a1e4       0x1c C:\Users\jschw\AppData\Local\Temp\VMBuilds\BME680_Maple_TFT_Monitor\Arduino_STM32_mapleMini\Release/core.a(usb_regs.c.o)
                0x0800a1e4                GetEPTxAddr
 .text.GetEPRxAddr
                0x0800a200       0x1c C:\Users\jschw\AppData\Local\Temp\VMBuilds\BME680_Maple_TFT_Monitor\Arduino_STM32_mapleMini\Release/core.a(usb_regs.c.o)
                0x0800a200                GetEPRxAddr
 .text.SetEPTxCount
                0x0800a21c       0x1c C:\Users\jschw\AppData\Local\Temp\VMBuilds\BME680_Maple_TFT_Monitor\Arduino_STM32_mapleMini\Release/core.a(usb_regs.c.o)
                0x0800a21c                SetEPTxCount
 .text.SetEPRxCount
                0x0800a238       0x40 C:\Users\jschw\AppData\Local\Temp\VMBuilds\BME680_Maple_TFT_Monitor\Arduino_STM32_mapleMini\Release/core.a(usb_regs.c.o)
                0x0800a238                SetEPRxCount
 .text.cos      0x0800a278       0x8c c:/users/jschw/appdata/local/arduino15/packages/arduino/tools/arm-none-eabi-gcc/4.8.3-2014q1/bin/../lib/gcc/arm-none-eabi/4.8.3/../../../../arm-none-eabi/lib/armv7-m\libm.a(lib_a-s_cos.o)
                0x0800a278                cos
 .text.sin      0x0800a304       0x94 c:/users/jschw/appdata/local/arduino15/packages/arduino/tools/arm-none-eabi-gcc/4.8.3-2014q1/bin/../lib/gcc/arm-none-eabi/4.8.3/../../../../arm-none-eabi/lib/armv7-m\libm.a(lib_a-s_sin.o)
                0x0800a304                sin
 .text.tan      0x0800a398       0x60 c:/users/jschw/appdata/local/arduino15/packages/arduino/tools/arm-none-eabi-gcc/4.8.3-2014q1/bin/../lib/gcc/arm-none-eabi/4.8.3/../../../../arm-none-eabi/lib/armv7-m\libm.a(lib_a-s_tan.o)
                0x0800a398                tan
 .text.__ieee754_rem_pio2
                0x0800a3f8      0x440 c:/users/jschw/appdata/local/arduino15/packages/arduino/tools/arm-none-eabi-gcc/4.8.3-2014q1/bin/../lib/gcc/arm-none-eabi/4.8.3/../../../../arm-none-eabi/lib/armv7-m\libm.a(lib_a-e_rem_pio2.o)
                0x0800a3f8                __ieee754_rem_pio2
 .text.__kernel_cos
                0x0800a838      0x248 c:/users/jschw/appdata/local/arduino15/packages/arduino/tools/arm-none-eabi-gcc/4.8.3-2014q1/bin/../lib/gcc/arm-none-eabi/4.8.3/../../../../arm-none-eabi/lib/armv7-m\libm.a(lib_a-k_cos.o)
                0x0800a838                __kernel_cos
 .text.__kernel_rem_pio2
                0x0800aa80      0x7bc c:/users/jschw/appdata/local/arduino15/packages/arduino/tools/arm-none-eabi-gcc/4.8.3-2014q1/bin/../lib/gcc/arm-none-eabi/4.8.3/../../../../arm-none-eabi/lib/armv7-m\libm.a(lib_a-k_rem_pio2.o)
                0x0800aa80                __kernel_rem_pio2
 *fill*         0x0800b23c        0x4 
 .text.__kernel_sin
                0x0800b240      0x170 c:/users/jschw/appdata/local/arduino15/packages/arduino/tools/arm-none-eabi-gcc/4.8.3-2014q1/bin/../lib/gcc/arm-none-eabi/4.8.3/../../../../arm-none-eabi/lib/armv7-m\libm.a(lib_a-k_sin.o)
                0x0800b240                __kernel_sin
 .text.__kernel_tan
                0x0800b3b0      0x3b0 c:/users/jschw/appdata/local/arduino15/packages/arduino/tools/arm-none-eabi-gcc/4.8.3-2014q1/bin/../lib/gcc/arm-none-eabi/4.8.3/../../../../arm-none-eabi/lib/armv7-m\libm.a(lib_a-k_tan.o)
                0x0800b3b0                __kernel_tan
 .text.fabs     0x0800b760        0x8 c:/users/jschw/appdata/local/arduino15/packages/arduino/tools/arm-none-eabi-gcc/4.8.3-2014q1/bin/../lib/gcc/arm-none-eabi/4.8.3/../../../../arm-none-eabi/lib/armv7-m\libm.a(lib_a-s_fabs.o)
                0x0800b760                fabs
 .text.floor    0x0800b768      0x120 c:/users/jschw/appdata/local/arduino15/packages/arduino/tools/arm-none-eabi-gcc/4.8.3-2014q1/bin/../lib/gcc/arm-none-eabi/4.8.3/../../../../arm-none-eabi/lib/armv7-m\libm.a(lib_a-s_floor.o)
                0x0800b768                floor
 .text.scalbn   0x0800b888      0x100 c:/users/jschw/appdata/local/arduino15/packages/arduino/tools/arm-none-eabi-gcc/4.8.3-2014q1/bin/../lib/gcc/arm-none-eabi/4.8.3/../../../../arm-none-eabi/lib/armv7-m\libm.a(lib_a-s_scalbn.o)
                0x0800b888                scalbn
 .text.copysign
                0x0800b988       0x14 c:/users/jschw/appdata/local/arduino15/packages/arduino/tools/arm-none-eabi-gcc/4.8.3-2014q1/bin/../lib/gcc/arm-none-eabi/4.8.3/../../../../arm-none-eabi/lib/armv7-m\libm.a(lib_a-s_copysign.o)
                0x0800b988                copysign
 .text          0x0800b99c      0x370 c:/users/jschw/appdata/local/arduino15/packages/arduino/tools/arm-none-eabi-gcc/4.8.3-2014q1/bin/../lib/gcc/arm-none-eabi/4.8.3/armv7-m\libgcc.a(_arm_addsubdf3.o)
                0x0800b99c                __aeabi_drsub
                0x0800b9a4                __aeabi_dsub
                0x0800b9a4                __subdf3
                0x0800b9a8                __aeabi_dadd
                0x0800b9a8                __adddf3
                0x0800bc20                __floatunsidf
                0x0800bc20                __aeabi_ui2d
                0x0800bc40                __floatsidf
                0x0800bc40                __aeabi_i2d
                0x0800bc64                __aeabi_f2d
                0x0800bc64                __extendsfdf2
                0x0800bca0                __floatundidf
                0x0800bca0                __aeabi_ul2d
                0x0800bcb0                __floatdidf
                0x0800bcb0                __aeabi_l2d
 .text          0x0800bd0c      0x424 c:/users/jschw/appdata/local/arduino15/packages/arduino/tools/arm-none-eabi-gcc/4.8.3-2014q1/bin/../lib/gcc/arm-none-eabi/4.8.3/armv7-m\libgcc.a(_arm_muldivdf3.o)
                0x0800bd0c                __aeabi_dmul
                0x0800bd0c                __muldf3
                0x0800bf60                __divdf3
                0x0800bf60                __aeabi_ddiv
 .text          0x0800c130      0x110 c:/users/jschw/appdata/local/arduino15/packages/arduino/tools/arm-none-eabi-gcc/4.8.3-2014q1/bin/../lib/gcc/arm-none-eabi/4.8.3/armv7-m\libgcc.a(_arm_cmpdf2.o)
                0x0800c130                __gtdf2
                0x0800c130                __gedf2
                0x0800c138                __ltdf2
                0x0800c138                __ledf2
                0x0800c140                __nedf2
                0x0800c140                __eqdf2
                0x0800c140                __cmpdf2
                0x0800c1bc                __aeabi_cdrcmple
                0x0800c1cc                __aeabi_cdcmpeq
                0x0800c1cc                __aeabi_cdcmple
                0x0800c1dc                __aeabi_dcmpeq
                0x0800c1f0                __aeabi_dcmplt
                0x0800c204                __aeabi_dcmple
                0x0800c218                __aeabi_dcmpge
                0x0800c22c                __aeabi_dcmpgt
 .text          0x0800c240       0x50 c:/users/jschw/appdata/local/arduino15/packages/arduino/tools/arm-none-eabi-gcc/4.8.3-2014q1/bin/../lib/gcc/arm-none-eabi/4.8.3/armv7-m\libgcc.a(_arm_fixdfsi.o)
                0x0800c240                __aeabi_d2iz
                0x0800c240                __fixdfsi
 .text          0x0800c290       0x40 c:/users/jschw/appdata/local/arduino15/packages/arduino/tools/arm-none-eabi-gcc/4.8.3-2014q1/bin/../lib/gcc/arm-none-eabi/4.8.3/armv7-m\libgcc.a(_arm_fixunsdfsi.o)
                0x0800c290                __aeabi_d2uiz
                0x0800c290                __fixunsdfsi
 .text          0x0800c2d0       0xa0 c:/users/jschw/appdata/local/arduino15/packages/arduino/tools/arm-none-eabi-gcc/4.8.3-2014q1/bin/../lib/gcc/arm-none-eabi/4.8.3/armv7-m\libgcc.a(_arm_truncdfsf2.o)
                0x0800c2d0                __truncdfsf2
                0x0800c2d0                __aeabi_d2f
 .text          0x0800c370      0x21c c:/users/jschw/appdata/local/arduino15/packages/arduino/tools/arm-none-eabi-gcc/4.8.3-2014q1/bin/../lib/gcc/arm-none-eabi/4.8.3/armv7-m\libgcc.a(_arm_addsubsf3.o)
                0x0800c370                __aeabi_frsub
                0x0800c378                __subsf3
                0x0800c378                __aeabi_fsub
                0x0800c37c                __aeabi_fadd
                0x0800c37c                __addsf3
                0x0800c4dc                __aeabi_ui2f
                0x0800c4dc                __floatunsisf
                0x0800c4e4                __aeabi_i2f
                0x0800c4e4                __floatsisf
                0x0800c500                __aeabi_ul2f
                0x0800c500                __floatundisf
                0x0800c510                __aeabi_l2f
                0x0800c510                __floatdisf
 .text          0x0800c58c      0x2a0 c:/users/jschw/appdata/local/arduino15/packages/arduino/tools/arm-none-eabi-gcc/4.8.3-2014q1/bin/../lib/gcc/arm-none-eabi/4.8.3/armv7-m\libgcc.a(_arm_muldivsf3.o)
                0x0800c58c                __mulsf3
                0x0800c58c                __aeabi_fmul
                0x0800c6f4                __aeabi_fdiv
                0x0800c6f4                __divsf3
 .text          0x0800c82c       0x4c c:/users/jschw/appdata/local/arduino15/packages/arduino/tools/arm-none-eabi-gcc/4.8.3-2014q1/bin/../lib/gcc/arm-none-eabi/4.8.3/armv7-m\libgcc.a(_arm_fixsfsi.o)
                0x0800c82c                __aeabi_f2iz
                0x0800c82c                __fixsfsi
 .text          0x0800c878       0x2c c:/users/jschw/appdata/local/arduino15/packages/arduino/tools/arm-none-eabi-gcc/4.8.3-2014q1/bin/../lib/gcc/arm-none-eabi/4.8.3/armv7-m\libgcc.a(_aeabi_uldivmod.o)
                0x0800c878                __aeabi_uldivmod
 .text          0x0800c8a4       0x30 c:/users/jschw/appdata/local/arduino15/packages/arduino/tools/arm-none-eabi-gcc/4.8.3-2014q1/bin/../lib/gcc/arm-none-eabi/4.8.3/armv7-m\libgcc.a(_fixdfdi.o)
                0x0800c8a4                __fixdfdi
                0x0800c8a4                __aeabi_d2lz
 .text          0x0800c8d4       0x44 c:/users/jschw/appdata/local/arduino15/packages/arduino/tools/arm-none-eabi-gcc/4.8.3-2014q1/bin/../lib/gcc/arm-none-eabi/4.8.3/armv7-m\libgcc.a(_fixunsdfdi.o)
                0x0800c8d4                __fixunsdfdi
                0x0800c8d4                __aeabi_d2ulz
 .text          0x0800c918       0x60 c:/users/jschw/appdata/local/arduino15/packages/arduino/tools/arm-none-eabi-gcc/4.8.3-2014q1/bin/../lib/gcc/arm-none-eabi/4.8.3/armv7-m\libgcc.a(bpabi.o)
                0x0800c918                __gnu_ldivmod_helper
                0x0800c948                __gnu_uldivmod_helper
 .text          0x0800c978        0x4 c:/users/jschw/appdata/local/arduino15/packages/arduino/tools/arm-none-eabi-gcc/4.8.3-2014q1/bin/../lib/gcc/arm-none-eabi/4.8.3/armv7-m\libgcc.a(_dvmd_tls.o)
                0x0800c978                __aeabi_idiv0
                0x0800c978                __aeabi_ldiv0
 .text          0x0800c97c      0x2a0 c:/users/jschw/appdata/local/arduino15/packages/arduino/tools/arm-none-eabi-gcc/4.8.3-2014q1/bin/../lib/gcc/arm-none-eabi/4.8.3/armv7-m\libgcc.a(_divdi3.o)
                0x0800c97c                __divdi3
 .text          0x0800cc1c      0x290 c:/users/jschw/appdata/local/arduino15/packages/arduino/tools/arm-none-eabi-gcc/4.8.3-2014q1/bin/../lib/gcc/arm-none-eabi/4.8.3/armv7-m\libgcc.a(_udivdi3.o)
                0x0800cc1c                __udivdi3
 .text.__errno  0x0800ceac        0xc c:/users/jschw/appdata/local/arduino15/packages/arduino/tools/arm-none-eabi-gcc/4.8.3-2014q1/bin/../lib/gcc/arm-none-eabi/4.8.3/../../../../arm-none-eabi/lib/armv7-m\libc.a(lib_a-errno.o)
                0x0800ceac                __errno
 .text.exit     0x0800ceb8       0x20 c:/users/jschw/appdata/local/arduino15/packages/arduino/tools/arm-none-eabi-gcc/4.8.3-2014q1/bin/../lib/gcc/arm-none-eabi/4.8.3/../../../../arm-none-eabi/lib/armv7-m\libc.a(lib_a-exit.o)
                0x0800ceb8                exit
 .text.__libc_init_array
                0x0800ced8       0x50 c:/users/jschw/appdata/local/arduino15/packages/arduino/tools/arm-none-eabi-gcc/4.8.3-2014q1/bin/../lib/gcc/arm-none-eabi/4.8.3/../../../../arm-none-eabi/lib/armv7-m\libc.a(lib_a-init.o)
                0x0800ced8                __libc_init_array
 .text.malloc   0x0800cf28       0x10 c:/users/jschw/appdata/local/arduino15/packages/arduino/tools/arm-none-eabi-gcc/4.8.3-2014q1/bin/../lib/gcc/arm-none-eabi/4.8.3/../../../../arm-none-eabi/lib/armv7-m\libc.a(lib_a-malloc.o)
                0x0800cf28                malloc
 .text.free     0x0800cf38       0x10 c:/users/jschw/appdata/local/arduino15/packages/arduino/tools/arm-none-eabi-gcc/4.8.3-2014q1/bin/../lib/gcc/arm-none-eabi/4.8.3/../../../../arm-none-eabi/lib/armv7-m\libc.a(lib_a-malloc.o)
                0x0800cf38                free
 .text._malloc_r
                0x0800cf48      0x538 c:/users/jschw/appdata/local/arduino15/packages/arduino/tools/arm-none-eabi-gcc/4.8.3-2014q1/bin/../lib/gcc/arm-none-eabi/4.8.3/../../../../arm-none-eabi/lib/armv7-m\libc.a(lib_a-mallocr.o)
                0x0800cf48                _malloc_r
 .text          0x0800d480       0xec c:/users/jschw/appdata/local/arduino15/packages/arduino/tools/arm-none-eabi-gcc/4.8.3-2014q1/bin/../lib/gcc/arm-none-eabi/4.8.3/../../../../arm-none-eabi/lib/armv7-m\libc.a(lib_a-memcpy.o)
                0x0800d480                memcpy
 .text.memset   0x0800d56c       0x94 c:/users/jschw/appdata/local/arduino15/packages/arduino/tools/arm-none-eabi-gcc/4.8.3-2014q1/bin/../lib/gcc/arm-none-eabi/4.8.3/../../../../arm-none-eabi/lib/armv7-m\libc.a(lib_a-memset.o)
                0x0800d56c                memset
 .text.__malloc_lock
                0x0800d600        0x4 c:/users/jschw/appdata/local/arduino15/packages/arduino/tools/arm-none-eabi-gcc/4.8.3-2014q1/bin/../lib/gcc/arm-none-eabi/4.8.3/../../../../arm-none-eabi/lib/armv7-m\libc.a(lib_a-mlock.o)
                0x0800d600                __malloc_lock
 .text.__malloc_unlock
                0x0800d604        0x4 c:/users/jschw/appdata/local/arduino15/packages/arduino/tools/arm-none-eabi-gcc/4.8.3-2014q1/bin/../lib/gcc/arm-none-eabi/4.8.3/../../../../arm-none-eabi/lib/armv7-m\libc.a(lib_a-mlock.o)
                0x0800d604                __malloc_unlock
 .text._sbrk_r  0x0800d608       0x24 c:/users/jschw/appdata/local/arduino15/packages/arduino/tools/arm-none-eabi-gcc/4.8.3-2014q1/bin/../lib/gcc/arm-none-eabi/4.8.3/../../../../arm-none-eabi/lib/armv7-m\libc.a(lib_a-sbrkr.o)
                0x0800d608                _sbrk_r
 .text.sprintf  0x0800d62c       0x4c c:/users/jschw/appdata/local/arduino15/packages/arduino/tools/arm-none-eabi-gcc/4.8.3-2014q1/bin/../lib/gcc/arm-none-eabi/4.8.3/../../../../arm-none-eabi/lib/armv7-m\libc.a(lib_a-sprintf.o)
                0x0800d62c                sprintf
 .text.strlen   0x0800d678       0x60 c:/users/jschw/appdata/local/arduino15/packages/arduino/tools/arm-none-eabi-gcc/4.8.3-2014q1/bin/../lib/gcc/arm-none-eabi/4.8.3/../../../../arm-none-eabi/lib/armv7-m\libc.a(lib_a-strlen.o)
                0x0800d678                strlen
 .text._svfprintf_r
                0x0800d6d8     0x14e0 c:/users/jschw/appdata/local/arduino15/packages/arduino/tools/arm-none-eabi-gcc/4.8.3-2014q1/bin/../lib/gcc/arm-none-eabi/4.8.3/../../../../arm-none-eabi/lib/armv7-m\libc.a(lib_a-svfprintf.o)
                0x0800d6d8                _svfprintf_r
 .text.startup.register_fini
                0x0800ebb8       0x14 c:/users/jschw/appdata/local/arduino15/packages/arduino/tools/arm-none-eabi-gcc/4.8.3-2014q1/bin/../lib/gcc/arm-none-eabi/4.8.3/../../../../arm-none-eabi/lib/armv7-m\libc.a(lib_a-__call_atexit.o)
 .text.__call_exitprocs
                0x0800ebcc       0xf0 c:/users/jschw/appdata/local/arduino15/packages/arduino/tools/arm-none-eabi-gcc/4.8.3-2014q1/bin/../lib/gcc/arm-none-eabi/4.8.3/../../../../arm-none-eabi/lib/armv7-m\libc.a(lib_a-__call_atexit.o)
                0x0800ebcc                __call_exitprocs
 .text.atexit   0x0800ecbc        0xc c:/users/jschw/appdata/local/arduino15/packages/arduino/tools/arm-none-eabi-gcc/4.8.3-2014q1/bin/../lib/gcc/arm-none-eabi/4.8.3/../../../../arm-none-eabi/lib/armv7-m\libc.a(lib_a-atexit.o)
                0x0800ecbc                atexit
 .text.quorem   0x0800ecc8      0x134 c:/users/jschw/appdata/local/arduino15/packages/arduino/tools/arm-none-eabi-gcc/4.8.3-2014q1/bin/../lib/gcc/arm-none-eabi/4.8.3/../../../../arm-none-eabi/lib/armv7-m\libc.a(lib_a-dtoa.o)
 *fill*         0x0800edfc        0x4 
 .text._dtoa_r  0x0800ee00      0xe38 c:/users/jschw/appdata/local/arduino15/packages/arduino/tools/arm-none-eabi-gcc/4.8.3-2014q1/bin/../lib/gcc/arm-none-eabi/4.8.3/../../../../arm-none-eabi/lib/armv7-m\libc.a(lib_a-dtoa.o)
                0x0800ee00                _dtoa_r
 .text.__libc_fini_array
                0x0800fc38       0x30 c:/users/jschw/appdata/local/arduino15/packages/arduino/tools/arm-none-eabi-gcc/4.8.3-2014q1/bin/../lib/gcc/arm-none-eabi/4.8.3/../../../../arm-none-eabi/lib/armv7-m\libc.a(lib_a-fini.o)
                0x0800fc38                __libc_fini_array
 .text._malloc_trim_r
                0x0800fc68       0x9c c:/users/jschw/appdata/local/arduino15/packages/arduino/tools/arm-none-eabi-gcc/4.8.3-2014q1/bin/../lib/gcc/arm-none-eabi/4.8.3/../../../../arm-none-eabi/lib/armv7-m\libc.a(lib_a-freer.o)
                0x0800fc68                _malloc_trim_r
 .text._free_r  0x0800fd04      0x198 c:/users/jschw/appdata/local/arduino15/packages/arduino/tools/arm-none-eabi-gcc/4.8.3-2014q1/bin/../lib/gcc/arm-none-eabi/4.8.3/../../../../arm-none-eabi/lib/armv7-m\libc.a(lib_a-freer.o)
                0x0800fd04                _free_r
 .text._localeconv_r
                0x0800fe9c        0x8 c:/users/jschw/appdata/local/arduino15/packages/arduino/tools/arm-none-eabi-gcc/4.8.3-2014q1/bin/../lib/gcc/arm-none-eabi/4.8.3/../../../../arm-none-eabi/lib/armv7-m\libc.a(lib_a-locale.o)
                0x0800fe9c                _localeconv_r
 .text.memchr   0x0800fea4       0x94 c:/users/jschw/appdata/local/arduino15/packages/arduino/tools/arm-none-eabi-gcc/4.8.3-2014q1/bin/../lib/gcc/arm-none-eabi/4.8.3/../../../../arm-none-eabi/lib/armv7-m\libc.a(lib_a-memchr-stub.o)
                0x0800fea4                memchr
 .text._Balloc  0x0800ff38       0x4c c:/users/jschw/appdata/local/arduino15/packages/arduino/tools/arm-none-eabi-gcc/4.8.3-2014q1/bin/../lib/gcc/arm-none-eabi/4.8.3/../../../../arm-none-eabi/lib/armv7-m\libc.a(lib_a-mprec.o)
                0x0800ff38                _Balloc
 .text._Bfree   0x0800ff84       0x14 c:/users/jschw/appdata/local/arduino15/packages/arduino/tools/arm-none-eabi-gcc/4.8.3-2014q1/bin/../lib/gcc/arm-none-eabi/4.8.3/../../../../arm-none-eabi/lib/armv7-m\libc.a(lib_a-mprec.o)
                0x0800ff84                _Bfree
 .text.__multadd
                0x0800ff98       0x94 c:/users/jschw/appdata/local/arduino15/packages/arduino/tools/arm-none-eabi-gcc/4.8.3-2014q1/bin/../lib/gcc/arm-none-eabi/4.8.3/../../../../arm-none-eabi/lib/armv7-m\libc.a(lib_a-mprec.o)
                0x0800ff98                __multadd
 .text.__hi0bits
                0x0801002c       0x40 c:/users/jschw/appdata/local/arduino15/packages/arduino/tools/arm-none-eabi-gcc/4.8.3-2014q1/bin/../lib/gcc/arm-none-eabi/4.8.3/../../../../arm-none-eabi/lib/armv7-m\libc.a(lib_a-mprec.o)
                0x0801002c                __hi0bits
 .text.__lo0bits
                0x0801006c       0x5c c:/users/jschw/appdata/local/arduino15/packages/arduino/tools/arm-none-eabi-gcc/4.8.3-2014q1/bin/../lib/gcc/arm-none-eabi/4.8.3/../../../../arm-none-eabi/lib/armv7-m\libc.a(lib_a-mprec.o)
                0x0801006c                __lo0bits
 .text.__i2b    0x080100c8       0x14 c:/users/jschw/appdata/local/arduino15/packages/arduino/tools/arm-none-eabi-gcc/4.8.3-2014q1/bin/../lib/gcc/arm-none-eabi/4.8.3/../../../../arm-none-eabi/lib/armv7-m\libc.a(lib_a-mprec.o)
                0x080100c8                __i2b
 .text.__multiply
                0x080100dc      0x13c c:/users/jschw/appdata/local/arduino15/packages/arduino/tools/arm-none-eabi-gcc/4.8.3-2014q1/bin/../lib/gcc/arm-none-eabi/4.8.3/../../../../arm-none-eabi/lib/armv7-m\libc.a(lib_a-mprec.o)
                0x080100dc                __multiply
 .text.__pow5mult
                0x08010218       0x9c c:/users/jschw/appdata/local/arduino15/packages/arduino/tools/arm-none-eabi-gcc/4.8.3-2014q1/bin/../lib/gcc/arm-none-eabi/4.8.3/../../../../arm-none-eabi/lib/armv7-m\libc.a(lib_a-mprec.o)
                0x08010218                __pow5mult
 .text.__lshift
                0x080102b4       0xbc c:/users/jschw/appdata/local/arduino15/packages/arduino/tools/arm-none-eabi-gcc/4.8.3-2014q1/bin/../lib/gcc/arm-none-eabi/4.8.3/../../../../arm-none-eabi/lib/armv7-m\libc.a(lib_a-mprec.o)
                0x080102b4                __lshift
 .text.__mcmp   0x08010370       0x48 c:/users/jschw/appdata/local/arduino15/packages/arduino/tools/arm-none-eabi-gcc/4.8.3-2014q1/bin/../lib/gcc/arm-none-eabi/4.8.3/../../../../arm-none-eabi/lib/armv7-m\libc.a(lib_a-mprec.o)
                0x08010370                __mcmp
 .text.__mdiff  0x080103b8       0xd8 c:/users/jschw/appdata/local/arduino15/packages/arduino/tools/arm-none-eabi-gcc/4.8.3-2014q1/bin/../lib/gcc/arm-none-eabi/4.8.3/../../../../arm-none-eabi/lib/armv7-m\libc.a(lib_a-mprec.o)
                0x080103b8                __mdiff
 .text.__d2b    0x08010490       0xbc c:/users/jschw/appdata/local/arduino15/packages/arduino/tools/arm-none-eabi-gcc/4.8.3-2014q1/bin/../lib/gcc/arm-none-eabi/4.8.3/../../../../arm-none-eabi/lib/armv7-m\libc.a(lib_a-mprec.o)
                0x08010490                __d2b
 .text.__fpclassifyd
                0x0801054c       0x50 c:/users/jschw/appdata/local/arduino15/packages/arduino/tools/arm-none-eabi-gcc/4.8.3-2014q1/bin/../lib/gcc/arm-none-eabi/4.8.3/../../../../arm-none-eabi/lib/armv7-m\libc.a(lib_a-s_fpclassify.o)
                0x0801054c                __fpclassifyd
 .text.__ssprint_r
                0x0801059c      0x100 c:/users/jschw/appdata/local/arduino15/packages/arduino/tools/arm-none-eabi-gcc/4.8.3-2014q1/bin/../lib/gcc/arm-none-eabi/4.8.3/../../../../arm-none-eabi/lib/armv7-m\libc.a(lib_a-svfiprintf.o)
                0x0801059c                __ssprint_r
 .text.__register_exitproc
                0x0801069c       0xa8 c:/users/jschw/appdata/local/arduino15/packages/arduino/tools/arm-none-eabi-gcc/4.8.3-2014q1/bin/../lib/gcc/arm-none-eabi/4.8.3/../../../../arm-none-eabi/lib/armv7-m\libc.a(lib_a-__atexit.o)
                0x0801069c                __register_exitproc
 .text._calloc_r
                0x08010744       0x60 c:/users/jschw/appdata/local/arduino15/packages/arduino/tools/arm-none-eabi-gcc/4.8.3-2014q1/bin/../lib/gcc/arm-none-eabi/4.8.3/../../../../arm-none-eabi/lib/armv7-m\libc.a(lib_a-callocr.o)
                0x08010744                _calloc_r
 .text.memmove  0x080107a4       0xcc c:/users/jschw/appdata/local/arduino15/packages/arduino/tools/arm-none-eabi-gcc/4.8.3-2014q1/bin/../lib/gcc/arm-none-eabi/4.8.3/../../../../arm-none-eabi/lib/armv7-m\libc.a(lib_a-memmove.o)
                0x080107a4                memmove
 .text._realloc_r
                0x08010870      0x3c0 c:/users/jschw/appdata/local/arduino15/packages/arduino/tools/arm-none-eabi-gcc/4.8.3-2014q1/bin/../lib/gcc/arm-none-eabi/4.8.3/../../../../arm-none-eabi/lib/armv7-m\libc.a(lib_a-reallocr.o)
                0x08010870                _realloc_r
 *(.plt)
 *(.gnu.warning)
 *(.glue_7t)
 .glue_7t       0x00000000        0x0 linker stubs
 *(.glue_7)
 .glue_7        0x00000000        0x0 linker stubs
 *(.vfp11_veneer)
 .vfp11_veneer  0x00000000        0x0 linker stubs
 *(.ARM.extab* .gnu.linkonce.armextab.*)
 *(.gcc_except_table)
 *(.eh_frame_hdr)
 *(.eh_frame)
 .eh_frame      0x08010c30        0x0 c:/users/jschw/appdata/local/arduino15/packages/arduino/tools/arm-none-eabi-gcc/4.8.3-2014q1/bin/../lib/gcc/arm-none-eabi/4.8.3/armv7-m/crtbegin.o
                0x08010c30                . = ALIGN (0x4)
 *(.init)
 .init          0x08010c30        0x4 c:/users/jschw/appdata/local/arduino15/packages/arduino/tools/arm-none-eabi-gcc/4.8.3-2014q1/bin/../lib/gcc/arm-none-eabi/4.8.3/armv7-m/crti.o
                0x08010c30                _init
 .init          0x08010c34        0x8 c:/users/jschw/appdata/local/arduino15/packages/arduino/tools/arm-none-eabi-gcc/4.8.3-2014q1/bin/../lib/gcc/arm-none-eabi/4.8.3/armv7-m/crtn.o
                0x08010c3c                . = ALIGN (0x4)
                0x08010c3c                __preinit_array_start = .
 *(.preinit_array)
                0x08010c3c                __preinit_array_end = .
                0x08010c3c                . = ALIGN (0x4)
                0x08010c3c                __init_array_start = .
 *(SORT(.init_array.*))
 .init_array.00000
                0x08010c3c        0x4 c:/users/jschw/appdata/local/arduino15/packages/arduino/tools/arm-none-eabi-gcc/4.8.3-2014q1/bin/../lib/gcc/arm-none-eabi/4.8.3/../../../../arm-none-eabi/lib/armv7-m\libc.a(lib_a-__call_atexit.o)
 .init_array.00101
                0x08010c40        0x4 C:\Users\jschw\AppData\Local\Temp\VMBuilds\BME680_Maple_TFT_Monitor\Arduino_STM32_mapleMini\Release/core.a(main.cpp.o)
 *(.init_array)
 .init_array    0x08010c44        0x4 c:/users/jschw/appdata/local/arduino15/packages/arduino/tools/arm-none-eabi-gcc/4.8.3-2014q1/bin/../lib/gcc/arm-none-eabi/4.8.3/armv7-m/crtbegin.o
 .init_array    0x08010c48        0x4 BME680_Maple_TFT_Monitor.cpp.o
 .init_array    0x08010c4c        0x4 SPI\SPI.cpp.o
 .init_array    0x08010c50        0x4 C:\Users\jschw\AppData\Local\Temp\VMBCore\arduino16x\f704afbb9506ba03d7680fdde9126ac3\variant\board.cpp.o
 .init_array    0x08010c54        0x4 C:\Users\jschw\AppData\Local\Temp\VMBuilds\BME680_Maple_TFT_Monitor\Arduino_STM32_mapleMini\Release/core.a(usb_serial.cpp.o)
                0x08010c58                __init_array_end = .
                0x08010c58                . = ALIGN (0x4)
 *crtbegin.o(.ctors)
 *(EXCLUDE_FILE(*crtend.o) .ctors)
 *(SORT(.ctors.*))
 *crtend.o(.ctors)
                0x08010c58                . = ALIGN (0x4)
 *(.fini)
 .fini          0x08010c58        0x4 c:/users/jschw/appdata/local/arduino15/packages/arduino/tools/arm-none-eabi-gcc/4.8.3-2014q1/bin/../lib/gcc/arm-none-eabi/4.8.3/armv7-m/crti.o
                0x08010c58                _fini
 .fini          0x08010c5c        0x8 c:/users/jschw/appdata/local/arduino15/packages/arduino/tools/arm-none-eabi-gcc/4.8.3-2014q1/bin/../lib/gcc/arm-none-eabi/4.8.3/armv7-m/crtn.o
                0x08010c64                . = ALIGN (0x4)
                0x08010c64                __fini_array_start = .
 *(.fini_array)
 .fini_array    0x08010c64        0x4 c:/users/jschw/appdata/local/arduino15/packages/arduino/tools/arm-none-eabi-gcc/4.8.3-2014q1/bin/../lib/gcc/arm-none-eabi/4.8.3/armv7-m/crtbegin.o
 *(SORT(.fini_array.*))
                0x08010c68                __fini_array_end = .
 *crtbegin.o(.dtors)
 *(EXCLUDE_FILE(*crtend.o) .dtors)
 *(SORT(.dtors.*))
 *crtend.o(.dtors)

.v4_bx          0x08010c68        0x0
 .v4_bx         0x00000000        0x0 linker stubs

.iplt           0x08010c68        0x0
 .iplt          0x00000000        0x0 c:/users/jschw/appdata/local/arduino15/packages/arduino/tools/arm-none-eabi-gcc/4.8.3-2014q1/bin/../lib/gcc/arm-none-eabi/4.8.3/armv7-m/crtbegin.o

.text.align     0x08010c68        0x0
                0x08010c68                . = ALIGN (0x8)
                0x08010c68                __text_end__ = .
                0x08010c68                __exidx_start = .

.ARM.exidx      0x08010c68        0x8
 *(.ARM.exidx* .gnu.linkonce.armexidx.*)
 .ARM.exidx     0x08010c68        0x8 C:\Users\jschw\AppData\Local\Temp\VMBCore\arduino16x\f704afbb9506ba03d7680fdde9126ac3\variant\start.S.o
 .ARM.exidx     0x08010c70        0x0 c:/users/jschw/appdata/local/arduino15/packages/arduino/tools/arm-none-eabi-gcc/4.8.3-2014q1/bin/../lib/gcc/arm-none-eabi/4.8.3/armv7-m\libgcc.a(_divdi3.o)
                                  0x8 (size before relaxing)
 .ARM.exidx     0x08010c70        0x0 c:/users/jschw/appdata/local/arduino15/packages/arduino/tools/arm-none-eabi-gcc/4.8.3-2014q1/bin/../lib/gcc/arm-none-eabi/4.8.3/armv7-m\libgcc.a(_udivdi3.o)
                                  0x8 (size before relaxing)
                0x08010c70                __exidx_end = .

.data           0x20000c00      0xc90 load address 0x08010c70
                0x20000c00                __data_start__ = .
                0x20000c00        0x4 LONG 0x0
                0x20000c08                . = ALIGN (0x8)
 *fill*         0x20000c04        0x4 
 *(.got.plt)